Microchip MPLAB XC8 Compiler V1.43 ()

Linker command line:

-W-3 --edf=C:\Program Files (x86)\Microchip\xc8\v1.43\dat\en_msgs.txt -cs \
  -h+dist/default/debug\panda17.X.debug.sym \
  --cmf=dist/default/debug\panda17.X.debug.cmf -z -Q16F886 \
  -oC:\Users\Horacio\AppData\Local\Temp\s6n4.2 \
  -Mdist/default/debug/panda17.X.debug.map -E1 -ver=XC8 -ASTACK=0110h-016fh \
  -pstack=STACK -ACODE=00h-07FFhx3,01800h-01EFFh -ASTRCODE=00h-01EFFh \
  -ASTRING=00h-0FFhx31 -ACONST=00h-0FFhx31 -AENTRY=00h-0FFhx31 \
  -ACOMMON=071h-07Fh -ABANK0=020h-06Fh -ABANK1=0A0h-0EFh \
  -ABANK2=0110h-016Fh -ABANK3=0190h-01E4h \
  -ARAM=020h-06Fh,0A0h-0EFh,0110h-016Fh,0190h-01E4h \
  -AABS1=020h-07Fh,0A0h-0EFh,0110h-016Fh,0190h-01EFh -ASFR0=00h-01Fh \
  -ASFR1=080h-09Fh -ASFR2=0100h-010Fh -ASFR3=0180h-018Fh \
  -preset_vec=00h,intentry=04h,init,end_init -ppowerup=CODE -pcinit=CODE \
  -pfunctab=ENTRY -ACONFIG=02007h-02008h -pconfig=CONFIG -DCONFIG=2 \
  -AIDLOC=02000h-02003h -pidloc=IDLOC -DIDLOC=2 -AEEDATA=00h-0FFh/02100h \
  -peeprom_data=EEDATA -DEEDATA=2 -DCODE=2 -DSTRCODE=2 -DSTRING=2 -DCONST=2 \
  -DENTRY=2 -k C:\Users\Horacio\AppData\Local\Temp\s6n4.obj \
  dist/default/debug\panda17.X.debug.obj 

Object code version is 3.11

Machine type is 16F886



                Name                               Link     Load   Length Selector   Space Scale
C:\Users\Horacio\AppData\Local\Temp\s6n4.obj
                end_init                             12       12        3        8       0
                reset_vec                             0        0        4        0       0
                config                             2007     2007        2     400E       0
dist/default/debug\panda17.X.debug.obj
                cinit                               7F4      7F4        C      FE8       0
                intentry                              4        4        E        8       0
                text32                              E23      E23       23     1C46       0
                text31                               47       47       42       8E       0
                text30                              E46      E46       23     1C8C       0
                text29                              E69      E69       23     1CD2       0
                text28                              EB3      EB3       33     1D66       0
                text27                              36F      36F       5D      6DE       0
                text26                              25E      25E       59      4BC       0
                text25                               89       89       46      112       0
                text24                               CF       CF       48      19E       0
                text23                              4B1      4B1      139      962       0
                text22                               1C       1C       2B       38       0
                text21                              D8A      D8A        9     1B14       0
                text20                              FC4      FC4       3C     1F88       0
                text19                              EE6      EE6       34     1DCC       0
                text18                              E02      E02       21     1C04       0
                text17                              D93      D93        E     1B26       0
                text16                              D82      D82        8     1B04       0
                text15                              5EA      5EA      20A      BD4       0
                text14                              3CC      3CC       E5      798       0
                text13                              F1A      F1A       34     1E34       0
                text12                              DE4      DE4       1E     1BC8       0
                text11                              DA1      DA1        F     1B42       0
                text10                              E8C      E8C       27     1D18       0
                text9                               2B7      2B7       5C      56E       0
                text8                               F4E      F4E       3B     1E9C       0
                text7                               F89      F89       3B     1F12       0
                text6                               117      117       4D      22E       0
                text5                               206      206       58      40C       0
                text4                               313      313       5C      626       0
                text3                               164      164       50      2C8       0
                text2                               DC7      DC7       1D     1B8E       0
                text1                               DB0      DB0       17     1B60       0
                maintext                            1B4      1B4       52      368       0
                cstackBANK0                          20       20       2B       20       1
                cstackCOMMON                         71       71        D       71       1
                cstackBANK1                          A0       A0        9       A0       1
                dataBANK0                            4F       4F        1       20       1
                bssBANK0                             4C       4C        3       20       1
                bitbssBANK0                         258       4B        3       20       1     8
                strings                             800      800       3D     1000       0
                idataBANK0                           1B       1B        1       36       0

TOTAL           Name                               Link     Load   Length     Space
        CLASS   STACK          

        CLASS   CODE           
                end_init                             12       12        3         0
                cinit                               7F4      7F4        C         0
                intentry                              4        4        E         0
                reset_vec                             0        0        4         0
                text32                              E23      E23       23         0
                text31                               47       47       42         0
                text30                              E46      E46       23         0
                text29                              E69      E69       23         0
                text28                              EB3      EB3       33         0
                text27                              36F      36F       5D         0
                text26                              25E      25E       59         0
                text25                               89       89       46         0
                text24                               CF       CF       48         0
                text23                              4B1      4B1      139         0
                text22                               1C       1C       2B         0
                text21                              D8A      D8A        9         0
                text20                              FC4      FC4       3C         0
                text19                              EE6      EE6       34         0
                text18                              E02      E02       21         0
                text17                              D93      D93        E         0
                text16                              D82      D82        8         0
                text15                              5EA      5EA      20A         0
                text14                              3CC      3CC       E5         0
                text13                              F1A      F1A       34         0
                text12                              DE4      DE4       1E         0
                text11                              DA1      DA1        F         0
                text10                              E8C      E8C       27         0
                text9                               2B7      2B7       5C         0
                text8                               F4E      F4E       3B         0
                text7                               F89      F89       3B         0
                text6                               117      117       4D         0
                text5                               206      206       58         0
                text4                               313      313       5C         0
                text3                               164      164       50         0
                text2                               DC7      DC7       1D         0
                text1                               DB0      DB0       17         0
                maintext                            1B4      1B4       52         0
                idataBANK0                           1B       1B        1         0

        CLASS   STRCODE        

        CLASS   STRING         
                strings                             800      800       3D         0

        CLASS   CONST          

        CLASS   ENTRY          

        CLASS   COMMON         
                cstackCOMMON                         71       71        D         1

        CLASS   BANK0          
                cstackBANK0                          20       20       2B         1
                dataBANK0                            4F       4F        1         1
                bssBANK0                             4C       4C        3         1
                bitbssBANK0                         258       4B        3         1

        CLASS   BANK1          
                cstackBANK1                          A0       A0        9         1

        CLASS   BANK2          

        CLASS   BANK3          

        CLASS   RAM            

        CLASS   ABS1           
                abs_s1                               7E       7E        2         1

        CLASS   SFR0           

        CLASS   SFR1           

        CLASS   SFR2           

        CLASS   SFR3           

        CLASS   CONFIG         
                config                             2007     2007        2         0

        CLASS   IDLOC          

        CLASS   EEDATA         



SEGMENTS        Name                           Load    Length   Top    Selector   Space  Class     Delta

                reset_vec                      000000  000004  000004         0       0  CODE        2
                intentry                       000004  000011  000015         8       0  CODE        2
                cstackBANK0                    000020  000030  000050        20       1  BANK0       1
                idataBANK0                     00001B  000001  00001C        36       0  CODE        2
                text22                         00001C  00002B  000047        38       0  CODE        2
                cstackCOMMON                   000071  00000D  00007E        71       1  COMMON      1
                text31                         000047  000042  000089        8E       0  CODE        2
                cstackBANK1                    0000A0  000009  0000A9        A0       1  BANK1       1
                text25                         000089  000046  0000CF       112       0  CODE        2
                text24                         0000CF  000048  000117       19E       0  CODE        2
                text6                          000117  00004D  000164       22E       0  CODE        2
                text3                          000164  000050  0001B4       2C8       0  CODE        2
                maintext                       0001B4  000052  000206       368       0  CODE        2
                text5                          000206  000058  00025E       40C       0  CODE        2
                text26                         00025E  000059  0002B7       4BC       0  CODE        2
                text9                          0002B7  00005C  000313       56E       0  CODE        2
                text4                          000313  00005C  00036F       626       0  CODE        2
                text27                         00036F  00005D  0003CC       6DE       0  CODE        2
                text14                         0003CC  0000E5  0004B1       798       0  CODE        2
                text23                         0004B1  000139  0005EA       962       0  CODE        2
                text15                         0005EA  00020A  0007F4       BD4       0  CODE        2
                cinit                          0007F4  00000C  000800       FE8       0  CODE        2
                strings                        000800  00003D  00083D      1000       0  STRING      2
                text16                         000D82  000008  000D8A      1B04       0  CODE        2
                text21                         000D8A  000009  000D93      1B14       0  CODE        2
                text17                         000D93  00000E  000DA1      1B26       0  CODE        2
                text11                         000DA1  00000F  000DB0      1B42       0  CODE        2
                text1                          000DB0  000017  000DC7      1B60       0  CODE        2
                text2                          000DC7  00001D  000DE4      1B8E       0  CODE        2
                text12                         000DE4  00001E  000E02      1BC8       0  CODE        2
                text18                         000E02  000021  000E23      1C04       0  CODE        2
                text32                         000E23  000023  000E46      1C46       0  CODE        2
                text30                         000E46  000023  000E69      1C8C       0  CODE        2
                text29                         000E69  000023  000E8C      1CD2       0  CODE        2
                text10                         000E8C  000027  000EB3      1D18       0  CODE        2
                text28                         000EB3  000033  000EE6      1D66       0  CODE        2
                text19                         000EE6  000034  000F1A      1DCC       0  CODE        2
                text13                         000F1A  000034  000F4E      1E34       0  CODE        2
                text8                          000F4E  00003B  000F89      1E9C       0  CODE        2
                text7                          000F89  00003B  000FC4      1F12       0  CODE        2
                text20                         000FC4  00003C  001000      1F88       0  CODE        2
                config                         002007  000002  002009      400E       0  CONFIG      2


UNUSED ADDRESS RANGES

        Name                Unused          Largest block    Delta
        BANK0            0050-006F             20           1
        BANK1            00A9-00EF             47           1
        BANK2            0110-016F             60           1
        BANK3            0190-01E4             55           1
        CODE             0015-001A              6           2
                         083D-0D81            545
                         1000-1EFF            800
        CONST            0015-001A              6           2
                         083D-0D81            100
                         1000-1EFF            100
        EEDATA           2100-21FF            100           2
        ENTRY            0015-001A              6           2
                         083D-0D81            100
                         1000-1EFF            100
        IDLOC            2000-2003              4           2
        RAM              0050-006F             20           1
                         00A9-00EF             47
                         0110-016F             60
                         0190-01E4             55
        SFR0             0000-001F             20           1
        SFR1             0080-009F             20           1
        SFR2             0100-010F             10           1
        SFR3             0180-018F             10           1
        STACK            0110-016F             60           1
        STRCODE          0015-001A              6           2
                         083D-0D81            545
                         1000-1EFF            F00
        STRING           0015-001A              6           2
                         083D-0D81            100
                         1000-1EFF            100

                                  Symbol Table

?___lwdiv                 cstackCOMMON 0071
?___lwmod                 cstackCOMMON 0079
?___wmul                  cstackCOMMON 0071
?_printf                  cstackBANK0  0021
?_si_read_h               cstackCOMMON 007B
?_si_read_t               cstackCOMMON 007B
_ANSELHbits               (abs)        0189
_ANSELbits                (abs)        0188
_BAUDCTLbits              (abs)        0187
_INTCON                   (abs)        000B
_INTCONbits               (abs)        000B
_OSCCON                   (abs)        008F
_PIE1bits                 (abs)        008C
_PIR1bits                 (abs)        000C
_PORTAbits                (abs)        0005
_PORTBbits                (abs)        0006
_PR2                      (abs)        0092
_RCREG                    (abs)        001A
_RCSTAbits                (abs)        0018
_SPBRG                    (abs)        0099
_SPBRGH                   (abs)        009A
_SSPADD                   (abs)        0093
_SSPBUF                   (abs)        0013
_SSPCON2bits              (abs)        0091
_SSPCONbits               (abs)        0014
_SSPSTATbits              (abs)        0094
_T2CON                    (abs)        0012
_TRISA                    (abs)        0085
_TRISAbits                (abs)        0085
_TRISB                    (abs)        0086
_TRISCbits                (abs)        0087
_TXREG                    (abs)        0019
_TXSTAbits                (abs)        0098
__CFG_BOR4V$BOR21V        (abs)        0000
__CFG_BOREN$OFF           (abs)        0000
__CFG_CP$OFF              (abs)        0000
__CFG_CPD$OFF             (abs)        0000
__CFG_FCMEN$ON            (abs)        0000
__CFG_FOSC$INTRC_NOCLKOUT (abs)        0000
__CFG_IESO$ON             (abs)        0000
__CFG_LVP$OFF             (abs)        0000
__CFG_MCLRE$ON            (abs)        0000
__CFG_PWRTE$OFF           (abs)        0000
__CFG_WDTE$OFF            (abs)        0000
__CFG_WRT$OFF             (abs)        0000
__Habs1                   abs1         0000
__Hbank0                  bank0        0000
__Hbank1                  bank1        0000
__Hbank2                  bank2        0000
__Hbank3                  bank3        0000
__HbitbssBANK0            bitbssBANK0  0000
__HbssBANK0               bssBANK0     0000
__Hcinit                  cinit        0800
__Hclrtext                clrtext      0000
__Hcode                   code         0000
__Hcommon                 common       0000
__Hconfig                 config       2009
__HcstackBANK0            cstackBANK0  0000
__HcstackBANK1            cstackBANK1  0000
__HcstackCOMMON           cstackCOMMON 0000
__HdataBANK0              dataBANK0    0000
__Heeprom_data            eeprom_data  0000
__Hend_init               end_init     0015
__Hfunctab                functab      0000
__HidataBANK0             idataBANK0   0000
__Hidloc                  idloc        0000
__Hinit                   init         0012
__Hintentry               intentry     0012
__Hmaintext               maintext     0000
__Hpowerup                powerup      0000
__Hram                    ram          0000
__Hreset_vec              reset_vec    0004
__Hsfr0                   sfr0         0000
__Hsfr1                   sfr1         0000
__Hsfr2                   sfr2         0000
__Hsfr3                   sfr3         0000
__Hspace_0                (abs)        2009
__Hspace_1                (abs)        025B
__Hspace_2                (abs)        0000
__Hspace_3                (abs)        0000
__Hstack                  stack        0000
__Hstrings                strings      0000
__Htext                   text         0000
__Labs1                   abs1         0000
__Lbank0                  bank0        0000
__Lbank1                  bank1        0000
__Lbank2                  bank2        0000
__Lbank3                  bank3        0000
__LbitbssBANK0            bitbssBANK0  0000
__LbssBANK0               bssBANK0     0000
__Lcinit                  cinit        07F4
__Lclrtext                clrtext      0000
__Lcode                   code         0000
__Lcommon                 common       0000
__Lconfig                 config       2007
__LcstackBANK0            cstackBANK0  0000
__LcstackBANK1            cstackBANK1  0000
__LcstackCOMMON           cstackCOMMON 0000
__LdataBANK0              dataBANK0    0000
__Leeprom_data            eeprom_data  0000
__Lend_init               end_init     0012
__Lfunctab                functab      0000
__LidataBANK0             idataBANK0   0000
__Lidloc                  idloc        0000
__Linit                   init         0012
__Lintentry               intentry     0004
__Lmaintext               maintext     0000
__Lpowerup                powerup      0000
__Lram                    ram          0000
__Lreset_vec              reset_vec    0000
__Lsfr0                   sfr0         0000
__Lsfr1                   sfr1         0000
__Lsfr2                   sfr2         0000
__Lsfr3                   sfr3         0000
__Lspace_0                (abs)        0000
__Lspace_1                (abs)        0000
__Lspace_2                (abs)        0000
__Lspace_3                (abs)        0000
__Lstack                  stack        0000
__Lstrings                strings      0000
__Ltext                   text         0000
__S0                      (abs)        2009
__S1                      (abs)        00A9
__S2                      (abs)        0000
__S3                      (abs)        0000
___int_sp                 stack        0000
___latbits                (abs)        0002
___lwdiv                  text20       0FC4
___lwdiv@counter          cstackCOMMON 0078
___lwdiv@dividend         cstackCOMMON 0073
___lwdiv@divisor          cstackCOMMON 0071
___lwdiv@quotient         cstackCOMMON 0076
___lwmod                  text19       0EE6
___lwmod@counter          cstackBANK0  0020
___lwmod@dividend         cstackCOMMON 007B
___lwmod@divisor          cstackCOMMON 0079
___sp                     stack        0000
___wmul                   text18       0E02
___wmul@multiplicand      cstackCOMMON 0073
___wmul@multiplier        cstackCOMMON 0071
___wmul@product           cstackCOMMON 0075
__end_of___lwdiv          text20       1000
__end_of___lwmod          text19       0F1A
__end_of___wmul           text18       0E23
__end_of__initialization  cinit        07FC
__end_of__stringtab       strings      0806
__end_of_clear_mem        text21       0D93
__end_of_dpowers          strings      0810
__end_of_give_all         text14       04B1
__end_of_hexpowers        strings      0818
__end_of_i2c_init         text11       0DB0
__end_of_i2c_read         text9        0313
__end_of_i2c_rstart       text32       0E46
__end_of_i2c_start        text8        0F89
__end_of_i2c_stop         text7        0FC4
__end_of_i2c_write        text6        0164
__end_of_init_timer2      text10       0EB3
__end_of_ints_isr         text12       0E02
__end_of_isdigit          text17       0DA1
__end_of_main             maintext     0206
__end_of_mem_init         text3        01B4
__end_of_mem_read         text5        025E
__end_of_mem_write        text4        036F
__end_of_printf           text15       07F4
__end_of_putch            text16       0D8A
__end_of_si_read_h        text27       03CC
__end_of_si_read_t        text26       02B7
__end_of_si_reset         text2        0DE4
__end_of_tmr2_isr         text22       0047
__end_of_to_work          text23       05EA
__end_of_uart_init        text1        0DC7
__end_of_uart_isr         text13       0F4E
__end_ofi1_i2c_read       text31       0089
__end_ofi1_i2c_start      text30       0E69
__end_ofi1_i2c_stop       text29       0E8C
__end_ofi1_i2c_write      text28       0EE6
__end_ofi1_mem_read       text25       00CF
__end_ofi1_mem_write      text24       0117
__initialization          cinit        07F4
__pbitbssBANK0            bitbssBANK0  0258
__pbssBANK0               bssBANK0     004C
__pcstackBANK0            cstackBANK0  0020
__pcstackBANK1            cstackBANK1  00A0
__pcstackCOMMON           cstackCOMMON 0071
__pdataBANK0              dataBANK0    004F
__pidataBANK0             idataBANK0   001B
__pintentry               intentry     0004
__pmaintext               maintext     01B4
__pstrings                strings      0800
__ptext1                  text1        0DB0
__ptext10                 text10       0E8C
__ptext11                 text11       0DA1
__ptext12                 text12       0DE4
__ptext13                 text13       0F1A
__ptext14                 text14       03CC
__ptext15                 text15       05EA
__ptext16                 text16       0D82
__ptext17                 text17       0D93
__ptext18                 text18       0E02
__ptext19                 text19       0EE6
__ptext2                  text2        0DC7
__ptext20                 text20       0FC4
__ptext21                 text21       0D8A
__ptext22                 text22       001C
__ptext23                 text23       04B1
__ptext24                 text24       00CF
__ptext25                 text25       0089
__ptext26                 text26       025E
__ptext27                 text27       036F
__ptext28                 text28       0EB3
__ptext29                 text29       0E69
__ptext3                  text3        0164
__ptext30                 text30       0E46
__ptext31                 text31       0047
__ptext32                 text32       0E23
__ptext4                  text4        0313
__ptext5                  text5        0206
__ptext6                  text6        0117
__ptext7                  text7        0F89
__ptext8                  text8        0F4E
__ptext9                  text9        02B7
__size_of___lwdiv         (abs)        0000
__size_of___lwmod         (abs)        0000
__size_of___wmul          (abs)        0000
__size_of_clear_mem       (abs)        0000
__size_of_give_all        (abs)        0000
__size_of_i2c_init        (abs)        0000
__size_of_i2c_read        (abs)        0000
__size_of_i2c_rstart      (abs)        0000
__size_of_i2c_start       (abs)        0000
__size_of_i2c_stop        (abs)        0000
__size_of_i2c_write       (abs)        0000
__size_of_init_timer2     (abs)        0000
__size_of_ints_isr        (abs)        0000
__size_of_isdigit         (abs)        0000
__size_of_main            (abs)        0000
__size_of_mem_init        (abs)        0000
__size_of_mem_read        (abs)        0000
__size_of_mem_write       (abs)        0000
__size_of_printf          (abs)        0000
__size_of_putch           (abs)        0000
__size_of_si_read_h       (abs)        0000
__size_of_si_read_t       (abs)        0000
__size_of_si_reset        (abs)        0000
__size_of_tmr2_isr        (abs)        0000
__size_of_to_work         (abs)        0000
__size_of_uart_init       (abs)        0000
__size_of_uart_isr        (abs)        0000
__size_ofi1_i2c_read      (abs)        0000
__size_ofi1_i2c_start     (abs)        0000
__size_ofi1_i2c_stop      (abs)        0000
__size_ofi1_i2c_write     (abs)        0000
__size_ofi1_mem_read      (abs)        0000
__size_ofi1_mem_write     (abs)        0000
__stringbase              strings      0805
__stringtab               strings      0800
_clear_mem                text21       0D8A
_dpowers                  strings      0806
_give_all                 text14       03CC
_hexpowers                strings      0810
_i2c_init                 text11       0DA1
_i2c_read                 text9        02B7
_i2c_rstart               text32       0E23
_i2c_start                text8        0F4E
_i2c_stop                 text7        0F89
_i2c_write                text6        0117
_init_timer2              text10       0E8C
_ints_isr                 text12       0DE4
_isdigit                  text17       0D93
_isdigit$954              cstackCOMMON 0071
_led                      dataBANK0    004F
_main                     maintext     01B4
_mem_init                 text3        0164
_mem_read                 text5        0206
_mem_write                text4        0313
_milis                    bssBANK0     004E
_printf                   text15       05EA
_putch                    text16       0D82
_secs                     bssBANK0     004C
_si_read_h                text27       036F
_si_read_t                text26       025E
_si_reset                 text2        0DC7
_tmr2_isr                 text22       001C
_to_work                  text23       04B1
_uart_init                text1        0DB0
_uart_isr                 text13       0F1A
btemp                     (abs)        007E
end_of_initialization     cinit        07FC
give_all@add              cstackBANK0  0034
give_all@aux              cstackBANK0  0038
give_all@n                cstackBANK0  0036
i1_i2c_read               text31       0047
i1_i2c_start              text30       0E46
i1_i2c_stop               text29       0E69
i1_i2c_write              text28       0EB3
i1_mem_read               text25       0089
i1_mem_write              text24       00CF
i1i2c_read@ack            cstackCOMMON 0079
i1i2c_read@resp           cstackCOMMON 007A
i1i2c_write@ack           cstackCOMMON 0071
i1i2c_write@datum         cstackCOMMON 007A
i1mem_read@add            cstackCOMMON 007B
i1mem_read@add_h          cstackBANK0  0021
i1mem_read@add_l          cstackBANK0  0022
i1mem_read@rta            cstackBANK0  0020
i1mem_write@add           cstackCOMMON 007B
i1mem_write@add_h         cstackBANK0  0021
i1mem_write@add_l         cstackBANK0  0022
i1mem_write@data          cstackCOMMON 007D
i2c_read@ack              cstackBANK0  0048
i2c_read@flag             bitbssBANK0  0258
i2c_read@resp             cstackBANK0  0049
i2c_write@ack             cstackBANK0  0040
i2c_write@datum           cstackBANK0  0049
init_timer2@eoc           cstackBANK0  0041
init_timer2@post          cstackBANK0  0040
init_timer2@pre           cstackBANK0  0044
init_timer2@sfr           cstackBANK0  0045
interrupt_function        intentry     0004
intlevel0                 functab      0000
intlevel1                 functab      0000
intlevel2                 functab      0000
intlevel3                 functab      0000
intlevel4                 functab      0000
intlevel5                 functab      0000
isdigit@c                 cstackCOMMON 0072
mem_init@aux              cstackBANK1  00A6
mem_read@add              cstackBANK1  00A0
mem_read@add_h            cstackBANK1  00A3
mem_read@add_l            cstackBANK1  00A4
mem_read@rta              cstackBANK1  00A2
mem_write@add             cstackBANK1  00A0
mem_write@add_h           cstackBANK1  00A3
mem_write@add_l           cstackBANK1  00A4
mem_write@data            cstackBANK1  00A2
printf@ap                 cstackBANK0  0027
printf@c                  cstackBANK0  002F
printf@f                  cstackBANK0  002B
printf@flag               cstackBANK0  002C
printf@idx                cstackBANK0  0026
printf@prec               cstackBANK0  0028
printf@val                cstackBANK0  0029
printf@width              cstackBANK0  002D
putch@data                cstackCOMMON 0071
reset_vec                 reset_vec    0000
saved_w                   (abs)        007E
si_read_h@rta             cstackBANK0  0024
si_read_h@rta_h           cstackBANK0  0022
si_read_h@rta_l           cstackBANK0  0023
si_read_t@rta             cstackBANK0  0024
si_read_t@rta_h           cstackBANK0  0022
si_read_t@rta_l           cstackBANK0  0023
stackhi                   (abs)        0000
stacklo                   (abs)        0000
start                     init         0012
start_initialization      cinit        07F4
to_work@arg               cstackBANK0  0032
to_work@hum_add           cstackBANK0  0030
to_work@hum_val           cstackBANK0  0028
to_work@temp_add          cstackBANK0  002E
to_work@temp_val          cstackBANK0  002A
to_work@up                cstackBANK0  002C
uart_isr@ferr             bitbssBANK0  025A
uart_isr@oerr             bitbssBANK0  0259
uart_isr@rcv              cstackBANK0  003B
wtemp0                    (abs)        007E


FUNCTION INFORMATION:

 *************** function _main *****************
 Defined at:
		line 191 in file "panda17.c"
 Parameters:    Size  Location     Type
		None
 Auto vars:     Size  Location     Type
		None
 Return value:  Size  Location     Type
                  2  124[None  ] int 
 Registers used:
		wreg, status,2, status,0, pclath, cstack
 Tracked objects:
		On entry : 
		On exit  : 
		Unchanged: 
 Data sizes:     COMMON   BANK0   BANK1   BANK3   BANK2
      Params:         0       0       0       0       0
      Locals:         0       0       0       0       0
      Temps:          0       0       2       0       0
      Totals:         0       0       2       0       0
Total ram usage:        2 bytes
 Hardware stack levels required when called:    8
 This function calls:
		_i2c_init
		_init_timer2
		_mem_init
		_si_reset
		_uart_init
 This function is called by:
		Startup code after reset
 This function uses a non-reentrant model


 *************** function _uart_init *****************
 Defined at:
		line 20 in file "panda17.c"
 Parameters:    Size  Location     Type
		None
 Auto vars:     Size  Location     Type
		None
 Return value:  Size  Location     Type
                  1    wreg      void 
 Registers used:
		wreg, status,2
 Tracked objects:
		On entry : 
		On exit  : 
		Unchanged: 
 Data sizes:     COMMON   BANK0   BANK1   BANK3   BANK2
      Params:         0       0       0       0       0
      Locals:         0       0       0       0       0
      Temps:          0       0       0       0       0
      Totals:         0       0       0       0       0
Total ram usage:        0 bytes
 Hardware stack levels used:    1
 Hardware stack levels required when called:    5
 This function calls:
		Nothing
 This function is called by:
		_main
 This function uses a non-reentrant model


 *************** function _si_reset *****************
 Defined at:
		line 13 in file "si7021.c"
 Parameters:    Size  Location     Type
		None
 Auto vars:     Size  Location     Type
		None
 Return value:  Size  Location     Type
                  1    wreg      void 
 Registers used:
		wreg, status,2, status,0, pclath, cstack
 Tracked objects:
		On entry : 
		On exit  : 
		Unchanged: 
 Data sizes:     COMMON   BANK0   BANK1   BANK3   BANK2
      Params:         0       0       0       0       0
      Locals:         0       0       0       0       0
      Temps:          0       0       0       0       0
      Totals:         0       0       0       0       0
Total ram usage:        0 bytes
 Hardware stack levels used:    1
 Hardware stack levels required when called:    6
 This function calls:
		_i2c_start
		_i2c_stop
		_i2c_write
 This function is called by:
		_main
 This function uses a non-reentrant model


 *************** function _mem_init *****************
 Defined at:
		line 179 in file "panda17.c"
 Parameters:    Size  Location     Type
		None
 Auto vars:     Size  Location     Type
  aux             1    6[BANK1 ] unsigned char 
 Return value:  Size  Location     Type
                  1    wreg      void 
 Registers used:
		wreg, status,2, status,0, pclath, cstack
 Tracked objects:
		On entry : 
		On exit  : 
		Unchanged: 
 Data sizes:     COMMON   BANK0   BANK1   BANK3   BANK2
      Params:         0       0       0       0       0
      Locals:         0       0       1       0       0
      Temps:          0       0       1       0       0
      Totals:         0       0       2       0       0
Total ram usage:        2 bytes
 Hardware stack levels used:    1
 Hardware stack levels required when called:    7
 This function calls:
		_mem_read
		_mem_write
 This function is called by:
		_main
 This function uses a non-reentrant model


 *************** function _mem_write *****************
 Defined at:
		line 13 in file "24lc512.c"
 Parameters:    Size  Location     Type
  add             2    0[BANK1 ] unsigned int 
  data            1    2[BANK1 ] unsigned char 
 Auto vars:     Size  Location     Type
  add_l           1    4[BANK1 ] unsigned char 
  add_h           1    3[BANK1 ] unsigned char 
 Return value:  Size  Location     Type
                  1    wreg      void 
 Registers used:
		wreg, status,2, status,0, pclath, cstack
 Tracked objects:
		On entry : 
		On exit  : 
		Unchanged: 
 Data sizes:     COMMON   BANK0   BANK1   BANK3   BANK2
      Params:         0       0       3       0       0
      Locals:         0       0       2       0       0
      Temps:          0       1       0       0       0
      Totals:         0       1       5       0       0
Total ram usage:        6 bytes
 Hardware stack levels used:    1
 Hardware stack levels required when called:    6
 This function calls:
		_i2c_start
		_i2c_stop
		_i2c_write
 This function is called by:
		_mem_init
 This function uses a non-reentrant model


 *************** function _mem_read *****************
 Defined at:
		line 34 in file "24lc512.c"
 Parameters:    Size  Location     Type
  add             2    0[BANK1 ] unsigned int 
 Auto vars:     Size  Location     Type
  add_l           1    4[BANK1 ] unsigned char 
  add_h           1    3[BANK1 ] unsigned char 
  rta             1    2[BANK1 ] unsigned char 
 Return value:  Size  Location     Type
                  1    wreg      unsigned char 
 Registers used:
		wreg, status,2, status,0, pclath, cstack
 Tracked objects:
		On entry : 
		On exit  : 
		Unchanged: 
 Data sizes:     COMMON   BANK0   BANK1   BANK3   BANK2
      Params:         0       0       2       0       0
      Locals:         0       0       3       0       0
      Temps:          0       1       0       0       0
      Totals:         0       1       5       0       0
Total ram usage:        6 bytes
 Hardware stack levels used:    1
 Hardware stack levels required when called:    6
 This function calls:
		_i2c_read
		_i2c_start
		_i2c_stop
		_i2c_write
 This function is called by:
		_mem_init
 This function uses a non-reentrant model


 *************** function _i2c_write *****************
 Defined at:
		line 39 in file "i2clib.c"
 Parameters:    Size  Location     Type
  datum           1    wreg     unsigned char 
  ack             1   32[BANK0 ] unsigned char 
 Auto vars:     Size  Location     Type
  datum           1   41[BANK0 ] unsigned char 
 Return value:  Size  Location     Type
                  1    wreg      unsigned char 
 Registers used:
		wreg, status,2, status,0
 Tracked objects:
		On entry : 
		On exit  : 
		Unchanged: 
 Data sizes:     COMMON   BANK0   BANK1   BANK3   BANK2
      Params:         0       1       0       0       0
      Locals:         0       1       0       0       0
      Temps:          0       8       0       0       0
      Totals:         0      10       0       0       0
Total ram usage:       10 bytes
 Hardware stack levels used:    1
 Hardware stack levels required when called:    5
 This function calls:
		Nothing
 This function is called by:
		_mem_write
		_mem_read
		_si_reset
		_ds_set
		_ds_get
 This function uses a non-reentrant model


 *************** function _i2c_stop *****************
 Defined at:
		line 34 in file "i2clib.c"
 Parameters:    Size  Location     Type
		None
 Auto vars:     Size  Location     Type
		None
 Return value:  Size  Location     Type
                  1    wreg      void 
 Registers used:
		wreg, status,2, status,0
 Tracked objects:
		On entry : 
		On exit  : 
		Unchanged: 
 Data sizes:     COMMON   BANK0   BANK1   BANK3   BANK2
      Params:         0       0       0       0       0
      Locals:         0       0       0       0       0
      Temps:          0       8       0       0       0
      Totals:         0       8       0       0       0
Total ram usage:        8 bytes
 Hardware stack levels used:    1
 Hardware stack levels required when called:    5
 This function calls:
		Nothing
 This function is called by:
		_mem_write
		_mem_read
		_si_reset
		_ds_set
		_ds_get
 This function uses a non-reentrant model


 *************** function _i2c_start *****************
 Defined at:
		line 24 in file "i2clib.c"
 Parameters:    Size  Location     Type
		None
 Auto vars:     Size  Location     Type
		None
 Return value:  Size  Location     Type
                  1    wreg      void 
 Registers used:
		wreg, status,2, status,0
 Tracked objects:
		On entry : 
		On exit  : 
		Unchanged: 
 Data sizes:     COMMON   BANK0   BANK1   BANK3   BANK2
      Params:         0       0       0       0       0
      Locals:         0       0       0       0       0
      Temps:          0       8       0       0       0
      Totals:         0       8       0       0       0
Total ram usage:        8 bytes
 Hardware stack levels used:    1
 Hardware stack levels required when called:    5
 This function calls:
		Nothing
 This function is called by:
		_mem_write
		_mem_read
		_si_reset
		_ds_set
		_ds_get
 This function uses a non-reentrant model


 *************** function _i2c_read *****************
 Defined at:
		line 51 in file "i2clib.c"
 Parameters:    Size  Location     Type
  ack             1    wreg     unsigned char 
 Auto vars:     Size  Location     Type
  ack             1   40[BANK0 ] unsigned char 
  resp            1   41[BANK0 ] unsigned char 
 Return value:  Size  Location     Type
                  1    wreg      unsigned char 
 Registers used:
		wreg, status,2, status,0
 Tracked objects:
		On entry : 
		On exit  : 
		Unchanged: 
 Data sizes:     COMMON   BANK0   BANK1   BANK3   BANK2
      Params:         0       0       0       0       0
      Locals:         0       2       0       0       0
      Temps:          0       8       0       0       0
      Totals:         0      10       0       0       0
Total ram usage:       10 bytes
 Hardware stack levels used:    1
 Hardware stack levels required when called:    5
 This function calls:
		Nothing
 This function is called by:
		_mem_read
		_ds_get
 This function uses a non-reentrant model


 *************** function _init_timer2 *****************
 Defined at:
		line 169 in file "panda17.c"
 Parameters:    Size  Location     Type
  pre             1    wreg     unsigned char 
  post            1   32[BANK0 ] unsigned char 
  eoc             1   33[BANK0 ] unsigned char 
 Auto vars:     Size  Location     Type
  pre             1   36[BANK0 ] unsigned char 
  sfr             1   37[BANK0 ] unsigned char 
 Return value:  Size  Location     Type
                  1    wreg      void 
 Registers used:
		wreg, status,2, status,0
 Tracked objects:
		On entry : 
		On exit  : 
		Unchanged: 
 Data sizes:     COMMON   BANK0   BANK1   BANK3   BANK2
      Params:         0       2       0       0       0
      Locals:         0       2       0       0       0
      Temps:          0       2       0       0       0
      Totals:         0       6       0       0       0
Total ram usage:        6 bytes
 Hardware stack levels used:    1
 Hardware stack levels required when called:    5
 This function calls:
		Nothing
 This function is called by:
		_main
 This function uses a non-reentrant model


 *************** function _i2c_init *****************
 Defined at:
		line 13 in file "i2clib.c"
 Parameters:    Size  Location     Type
		None
 Auto vars:     Size  Location     Type
		None
 Return value:  Size  Location     Type
                  1    wreg      void 
 Registers used:
		wreg, status,2, status,0
 Tracked objects:
		On entry : 
		On exit  : 
		Unchanged: 
 Data sizes:     COMMON   BANK0   BANK1   BANK3   BANK2
      Params:         0       0       0       0       0
      Locals:         0       0       0       0       0
      Temps:          0       0       0       0       0
      Totals:         0       0       0       0       0
Total ram usage:        0 bytes
 Hardware stack levels used:    1
 Hardware stack levels required when called:    5
 This function calls:
		Nothing
 This function is called by:
		_main
 This function uses a non-reentrant model


 *************** function _ints_isr *****************
 Defined at:
		line 159 in file "panda17.c"
 Parameters:    Size  Location     Type
		None
 Auto vars:     Size  Location     Type
		None
 Return value:  Size  Location     Type
                  1    wreg      void 
 Registers used:
		wreg, fsr0l, fsr0h, status,2, status,0, btemp+1, pclath, cstack
 Tracked objects:
		On entry : 
		On exit  : 
		Unchanged: 
 Data sizes:     COMMON   BANK0   BANK1   BANK3   BANK2
      Params:         0       0       0       0       0
      Locals:         0       0       0       0       0
      Temps:          0       4       0       0       0
      Totals:         0       4       0       0       0
Total ram usage:        4 bytes
 Hardware stack levels used:    1
 Hardware stack levels required when called:    4
 This function calls:
		_tmr2_isr
		_uart_isr
 This function is called by:
		Interrupt level 1
 This function uses a non-reentrant model


 *************** function _uart_isr *****************
 Defined at:
		line 102 in file "panda17.c"
 Parameters:    Size  Location     Type
		None
 Auto vars:     Size  Location     Type
  rcv             1   27[BANK0 ] unsigned char 
 Return value:  Size  Location     Type
                  1    wreg      void 
 Registers used:
		wreg, fsr0l, fsr0h, status,2, status,0, btemp+1, pclath, cstack
 Tracked objects:
		On entry : 
		On exit  : 
		Unchanged: 
 Data sizes:     COMMON   BANK0   BANK1   BANK3   BANK2
      Params:         0       0       0       0       0
      Locals:         0       1       0       0       0
      Temps:          0       1       0       0       0
      Totals:         0       2       0       0       0
Total ram usage:        2 bytes
 Hardware stack levels used:    1
 Hardware stack levels required when called:    3
 This function calls:
		_clear_mem
		_give_all
 This function is called by:
		_ints_isr
 This function uses a non-reentrant model


 *************** function _give_all *****************
 Defined at:
		line 43 in file "panda17.c"
 Parameters:    Size  Location     Type
		None
 Auto vars:     Size  Location     Type
  aux             2   24[BANK0 ] unsigned int 
  n               2   22[BANK0 ] unsigned int 
  add             2   20[BANK0 ] unsigned int 
 Return value:  Size  Location     Type
                  1    wreg      void 
 Registers used:
		wreg, fsr0l, fsr0h, status,2, status,0, btemp+1, pclath, cstack
 Tracked objects:
		On entry : 
		On exit  : 
		Unchanged: 
 Data sizes:     COMMON   BANK0   BANK1   BANK3   BANK2
      Params:         0       0       0       0       0
      Locals:         0       6       0       0       0
      Temps:          0       4       0       0       0
      Totals:         0      10       0       0       0
Total ram usage:       10 bytes
 Hardware stack levels used:    1
 Hardware stack levels required when called:    2
 This function calls:
		_printf
		i1_mem_read
 This function is called by:
		_uart_isr
 This function uses a non-reentrant model


 *************** function _printf *****************
 Defined at:
		line 464 in file "C:\Program Files (x86)\Microchip\xc8\v1.43\sources\common\doprnt.c"
 Parameters:    Size  Location     Type
  f               1    wreg     PTR const unsigned char 
		 -> STR_3(7), STR_2(6), STR_1(7), 
 Auto vars:     Size  Location     Type
  f               1   11[BANK0 ] PTR const unsigned char 
		 -> STR_3(7), STR_2(6), STR_1(7), 
  idx             1    6[BANK0 ] unsigned char 
  tmpval          4    0        struct .
  width           2   13[BANK0 ] int 
  val             2    9[BANK0 ] unsigned int 
  cp              2    0        PTR const unsigned char 
  len             2    0        unsigned int 
  c               1   15[BANK0 ] char 
  flag            1   12[BANK0 ] unsigned char 
  prec            1    8[BANK0 ] char 
  ap              1    7[BANK0 ] PTR void [1]
		 -> ?_printf(2), 
 Return value:  Size  Location     Type
                  2    1[BANK0 ] int 
 Registers used:
		wreg, fsr0l, fsr0h, status,2, status,0, btemp+1, pclath, cstack
 Tracked objects:
		On entry : 
		On exit  : 
		Unchanged: 
 Data sizes:     COMMON   BANK0   BANK1   BANK3   BANK2
      Params:         0       2       0       0       0
      Locals:         0      10       0       0       0
      Temps:          0       3       0       0       0
      Totals:         0      15       0       0       0
Total ram usage:       15 bytes
 Hardware stack levels used:    1
 Hardware stack levels required when called:    1
 This function calls:
		___lwdiv
		___lwmod
		___wmul
		_isdigit
		_putch
 This function is called by:
		_give_all
 This function uses a non-reentrant model


 *************** function _putch *****************
 Defined at:
		line 33 in file "panda17.c"
 Parameters:    Size  Location     Type
  data            1    wreg     unsigned char 
 Auto vars:     Size  Location     Type
  data            1    0[COMMON] unsigned char 
 Return value:  Size  Location     Type
                  1    wreg      void 
 Registers used:
		wreg
 Tracked objects:
		On entry : 
		On exit  : 
		Unchanged: 
 Data sizes:     COMMON   BANK0   BANK1   BANK3   BANK2
      Params:         0       0       0       0       0
      Locals:         1       0       0       0       0
      Temps:          0       0       0       0       0
      Totals:         1       0       0       0       0
Total ram usage:        1 bytes
 Hardware stack levels used:    1
 This function calls:
		Nothing
 This function is called by:
		_printf
 This function uses a non-reentrant model


 *************** function _isdigit *****************
 Defined at:
		line 8 in file "C:\Program Files (x86)\Microchip\xc8\v1.43\sources\common\isdigit.c"
 Parameters:    Size  Location     Type
  c               1    wreg     unsigned char 
 Auto vars:     Size  Location     Type
  c               1    1[COMMON] unsigned char 
 Return value:  Size  Location     Type
		None               void
 Registers used:
		wreg, status,2, status,0
 Tracked objects:
		On entry : 
		On exit  : 
		Unchanged: 
 Data sizes:     COMMON   BANK0   BANK1   BANK3   BANK2
      Params:         0       0       0       0       0
      Locals:         2       0       0       0       0
      Temps:          0       0       0       0       0
      Totals:         2       0       0       0       0
Total ram usage:        2 bytes
 Hardware stack levels used:    1
 This function calls:
		Nothing
 This function is called by:
		_printf
 This function uses a non-reentrant model


 *************** function ___wmul *****************
 Defined at:
		line 15 in file "C:\Program Files (x86)\Microchip\xc8\v1.43\sources\common\Umul16.c"
 Parameters:    Size  Location     Type
  multiplier      2    0[COMMON] unsigned int 
  multiplicand    2    2[COMMON] unsigned int 
 Auto vars:     Size  Location     Type
  product         2    4[COMMON] unsigned int 
 Return value:  Size  Location     Type
                  2    0[COMMON] unsigned int 
 Registers used:
		wreg, status,2, status,0
 Tracked objects:
		On entry : 
		On exit  : 
		Unchanged: 
 Data sizes:     COMMON   BANK0   BANK1   BANK3   BANK2
      Params:         4       0       0       0       0
      Locals:         2       0       0       0       0
      Temps:          0       0       0       0       0
      Totals:         6       0       0       0       0
Total ram usage:        6 bytes
 Hardware stack levels used:    1
 This function calls:
		Nothing
 This function is called by:
		_printf
 This function uses a non-reentrant model


 *************** function ___lwmod *****************
 Defined at:
		line 6 in file "C:\Program Files (x86)\Microchip\xc8\v1.43\sources\common\lwmod.c"
 Parameters:    Size  Location     Type
  divisor         2    8[COMMON] unsigned int 
  dividend        2   10[COMMON] unsigned int 
 Auto vars:     Size  Location     Type
  counter         1    0[BANK0 ] unsigned char 
 Return value:  Size  Location     Type
                  2    8[COMMON] unsigned int 
 Registers used:
		wreg, status,2, status,0
 Tracked objects:
		On entry : 
		On exit  : 
		Unchanged: 
 Data sizes:     COMMON   BANK0   BANK1   BANK3   BANK2
      Params:         4       0       0       0       0
      Locals:         0       1       0       0       0
      Temps:          1       0       0       0       0
      Totals:         5       1       0       0       0
Total ram usage:        6 bytes
 Hardware stack levels used:    1
 This function calls:
		Nothing
 This function is called by:
		_printf
 This function uses a non-reentrant model


 *************** function ___lwdiv *****************
 Defined at:
		line 6 in file "C:\Program Files (x86)\Microchip\xc8\v1.43\sources\common\lwdiv.c"
 Parameters:    Size  Location     Type
  divisor         2    0[COMMON] unsigned int 
  dividend        2    2[COMMON] unsigned int 
 Auto vars:     Size  Location     Type
  quotient        2    5[COMMON] unsigned int 
  counter         1    7[COMMON] unsigned char 
 Return value:  Size  Location     Type
                  2    0[COMMON] unsigned int 
 Registers used:
		wreg, status,2, status,0
 Tracked objects:
		On entry : 
		On exit  : 
		Unchanged: 
 Data sizes:     COMMON   BANK0   BANK1   BANK3   BANK2
      Params:         4       0       0       0       0
      Locals:         3       0       0       0       0
      Temps:          1       0       0       0       0
      Totals:         8       0       0       0       0
Total ram usage:        8 bytes
 Hardware stack levels used:    1
 This function calls:
		Nothing
 This function is called by:
		_printf
 This function uses a non-reentrant model


 *************** function _clear_mem *****************
 Defined at:
		line 39 in file "panda17.c"
 Parameters:    Size  Location     Type
		None
 Auto vars:     Size  Location     Type
		None
 Return value:  Size  Location     Type
                  1    wreg      void 
 Registers used:
		wreg, status,2, status,0, pclath, cstack
 Tracked objects:
		On entry : 
		On exit  : 
		Unchanged: 
 Data sizes:     COMMON   BANK0   BANK1   BANK3   BANK2
      Params:         0       0       0       0       0
      Locals:         0       0       0       0       0
      Temps:          0       0       0       0       0
      Totals:         0       0       0       0       0
Total ram usage:        0 bytes
 Hardware stack levels used:    1
 Hardware stack levels required when called:    2
 This function calls:
		i1_mem_write
 This function is called by:
		_uart_isr
 This function uses a non-reentrant model


 *************** function _tmr2_isr *****************
 Defined at:
		line 129 in file "panda17.c"
 Parameters:    Size  Location     Type
		None
 Auto vars:     Size  Location     Type
		None
 Return value:  Size  Location     Type
                  1    wreg      void 
 Registers used:
		wreg, status,2, status,0, pclath, cstack
 Tracked objects:
		On entry : 
		On exit  : 
		Unchanged: 
 Data sizes:     COMMON   BANK0   BANK1   BANK3   BANK2
      Params:         0       0       0       0       0
      Locals:         0       0       0       0       0
      Temps:          0       1       0       0       0
      Totals:         0       1       0       0       0
Total ram usage:        1 bytes
 Hardware stack levels used:    1
 Hardware stack levels required when called:    3
 This function calls:
		_to_work
 This function is called by:
		_ints_isr
 This function uses a non-reentrant model


 *************** function _to_work *****************
 Defined at:
		line 63 in file "panda17.c"
 Parameters:    Size  Location     Type
		None
 Auto vars:     Size  Location     Type
  hum_add         2   16[BANK0 ] unsigned int 
  temp_add        2   14[BANK0 ] unsigned int 
  up              2   12[BANK0 ] unsigned int 
  temp_val        2   10[BANK0 ] unsigned int 
  hum_val         2    8[BANK0 ] unsigned int 
  arg             1   18[BANK0 ] unsigned char 
 Return value:  Size  Location     Type
                  1    wreg      void 
 Registers used:
		wreg, status,2, status,0, pclath, cstack
 Tracked objects:
		On entry : 
		On exit  : 
		Unchanged: 
 Data sizes:     COMMON   BANK0   BANK1   BANK3   BANK2
      Params:         0       0       0       0       0
      Locals:         0      11       0       0       0
      Temps:          0       2       0       0       0
      Totals:         0      13       0       0       0
Total ram usage:       13 bytes
 Hardware stack levels used:    1
 Hardware stack levels required when called:    2
 This function calls:
		_si_read_h
		_si_read_t
		i1_mem_read
		i1_mem_write
 This function is called by:
		_tmr2_isr
 This function uses a non-reentrant model


 *************** function i1_mem_write *****************
 Defined at:
		line 13 in file "24lc512.c"
 Parameters:    Size  Location     Type
  add             2   10[COMMON] unsigned int 
  data            1   12[COMMON] unsigned char 
 Auto vars:     Size  Location     Type
  mem_write       1    2[BANK0 ] unsigned char 
  mem_write       1    1[BANK0 ] unsigned char 
 Return value:  Size  Location     Type
                  1    wreg      void 
 Registers used:
		wreg, status,2, status,0, pclath, cstack
 Tracked objects:
		On entry : 
		On exit  : 
		Unchanged: 
 Data sizes:     COMMON   BANK0   BANK1   BANK3   BANK2
      Params:         3       0       0       0       0
      Locals:         0       2       0       0       0
      Temps:          0       1       0       0       0
      Totals:         3       3       0       0       0
Total ram usage:        6 bytes
 Hardware stack levels used:    1
 Hardware stack levels required when called:    1
 This function calls:
		i1_i2c_start
		i1_i2c_stop
		i1_i2c_write
 This function is called by:
		_clear_mem
		_to_work
 This function uses a non-reentrant model


 *************** function i1_mem_read *****************
 Defined at:
		line 34 in file "24lc512.c"
 Parameters:    Size  Location     Type
  add             2   10[COMMON] unsigned int 
 Auto vars:     Size  Location     Type
  mem_read        1    2[BANK0 ] unsigned char 
  mem_read        1    1[BANK0 ] unsigned char 
  mem_read        1    0[BANK0 ] unsigned char 
 Return value:  Size  Location     Type
                  1    wreg      unsigned char 
 Registers used:
		wreg, status,2, status,0, pclath, cstack
 Tracked objects:
		On entry : 
		On exit  : 
		Unchanged: 
 Data sizes:     COMMON   BANK0   BANK1   BANK3   BANK2
      Params:         2       0       0       0       0
      Locals:         0       3       0       0       0
      Temps:          1       0       0       0       0
      Totals:         3       3       0       0       0
Total ram usage:        6 bytes
 Hardware stack levels used:    1
 Hardware stack levels required when called:    1
 This function calls:
		i1_i2c_read
		i1_i2c_start
		i1_i2c_stop
		i1_i2c_write
 This function is called by:
		_give_all
		_to_work
 This function uses a non-reentrant model


 *************** function _si_read_t *****************
 Defined at:
		line 37 in file "si7021.c"
 Parameters:    Size  Location     Type
		None
 Auto vars:     Size  Location     Type
  rta             2    4[BANK0 ] unsigned int 
  rta_l           1    3[BANK0 ] unsigned char 
  rta_h           1    2[BANK0 ] unsigned char 
 Return value:  Size  Location     Type
                  2   10[COMMON] int 
 Registers used:
		wreg, status,2, status,0, pclath, cstack
 Tracked objects:
		On entry : 
		On exit  : 
		Unchanged: 
 Data sizes:     COMMON   BANK0   BANK1   BANK3   BANK2
      Params:         2       0       0       0       0
      Locals:         0       4       0       0       0
      Temps:          0       2       0       0       0
      Totals:         2       6       0       0       0
Total ram usage:        8 bytes
 Hardware stack levels used:    1
 Hardware stack levels required when called:    1
 This function calls:
		_i2c_rstart
		i1_i2c_read
		i1_i2c_start
		i1_i2c_stop
		i1_i2c_write
 This function is called by:
		_to_work
 This function uses a non-reentrant model


 *************** function _si_read_h *****************
 Defined at:
		line 20 in file "si7021.c"
 Parameters:    Size  Location     Type
		None
 Auto vars:     Size  Location     Type
  rta             2    4[BANK0 ] unsigned int 
  rta_l           1    3[BANK0 ] unsigned char 
  rta_h           1    2[BANK0 ] unsigned char 
 Return value:  Size  Location     Type
                  2   10[COMMON] int 
 Registers used:
		wreg, status,2, status,0, pclath, cstack
 Tracked objects:
		On entry : 
		On exit  : 
		Unchanged: 
 Data sizes:     COMMON   BANK0   BANK1   BANK3   BANK2
      Params:         2       0       0       0       0
      Locals:         0       4       0       0       0
      Temps:          0       2       0       0       0
      Totals:         2       6       0       0       0
Total ram usage:        8 bytes
 Hardware stack levels used:    1
 Hardware stack levels required when called:    1
 This function calls:
		_i2c_rstart
		i1_i2c_read
		i1_i2c_start
		i1_i2c_stop
		i1_i2c_write
 This function is called by:
		_to_work
 This function uses a non-reentrant model


 *************** function i1_i2c_write *****************
 Defined at:
		line 39 in file "i2clib.c"
 Parameters:    Size  Location     Type
  datum           1    wreg     unsigned char 
  ack             1    0[COMMON] unsigned char 
 Auto vars:     Size  Location     Type
  datum           1    9[COMMON] unsigned char 
 Return value:  Size  Location     Type
                  1    wreg      unsigned char 
 Registers used:
		wreg, status,2, status,0
 Tracked objects:
		On entry : 
		On exit  : 
		Unchanged: 
 Data sizes:     COMMON   BANK0   BANK1   BANK3   BANK2
      Params:         1       0       0       0       0
      Locals:         1       0       0       0       0
      Temps:          8       0       0       0       0
      Totals:        10       0       0       0       0
Total ram usage:       10 bytes
 Hardware stack levels used:    1
 This function calls:
		Nothing
 This function is called by:
		_si_read_h
		_si_read_t
		i1_mem_write
		i1_mem_read
 This function uses a non-reentrant model


 *************** function i1_i2c_stop *****************
 Defined at:
		line 34 in file "i2clib.c"
 Parameters:    Size  Location     Type
		None
 Auto vars:     Size  Location     Type
		None
 Return value:  Size  Location     Type
                  1    wreg      void 
 Registers used:
		wreg, status,2, status,0
 Tracked objects:
		On entry : 
		On exit  : 
		Unchanged: 
 Data sizes:     COMMON   BANK0   BANK1   BANK3   BANK2
      Params:         0       0       0       0       0
      Locals:         0       0       0       0       0
      Temps:          8       0       0       0       0
      Totals:         8       0       0       0       0
Total ram usage:        8 bytes
 Hardware stack levels used:    1
 This function calls:
		Nothing
 This function is called by:
		_si_read_h
		_si_read_t
		i1_mem_write
		i1_mem_read
 This function uses a non-reentrant model


 *************** function i1_i2c_start *****************
 Defined at:
		line 24 in file "i2clib.c"
 Parameters:    Size  Location     Type
		None
 Auto vars:     Size  Location     Type
		None
 Return value:  Size  Location     Type
                  1    wreg      void 
 Registers used:
		wreg, status,2, status,0
 Tracked objects:
		On entry : 
		On exit  : 
		Unchanged: 
 Data sizes:     COMMON   BANK0   BANK1   BANK3   BANK2
      Params:         0       0       0       0       0
      Locals:         0       0       0       0       0
      Temps:          8       0       0       0       0
      Totals:         8       0       0       0       0
Total ram usage:        8 bytes
 Hardware stack levels used:    1
 This function calls:
		Nothing
 This function is called by:
		_si_read_h
		_si_read_t
		i1_mem_write
		i1_mem_read
 This function uses a non-reentrant model


 *************** function i1_i2c_read *****************
 Defined at:
		line 51 in file "i2clib.c"
 Parameters:    Size  Location     Type
  ack             1    wreg     unsigned char 
 Auto vars:     Size  Location     Type
  ack             1    8[COMMON] unsigned char 
  i2c_read        1    9[COMMON] unsigned char 
 Return value:  Size  Location     Type
                  1    wreg      unsigned char 
 Registers used:
		wreg, status,2, status,0
 Tracked objects:
		On entry : 
		On exit  : 
		Unchanged: 
 Data sizes:     COMMON   BANK0   BANK1   BANK3   BANK2
      Params:         0       0       0       0       0
      Locals:         2       0       0       0       0
      Temps:          8       0       0       0       0
      Totals:        10       0       0       0       0
Total ram usage:       10 bytes
 Hardware stack levels used:    1
 This function calls:
		Nothing
 This function is called by:
		_si_read_h
		_si_read_t
		i1_mem_read
 This function uses a non-reentrant model


 *************** function _i2c_rstart *****************
 Defined at:
		line 29 in file "i2clib.c"
 Parameters:    Size  Location     Type
		None
 Auto vars:     Size  Location     Type
		None
 Return value:  Size  Location     Type
                  1    wreg      void 
 Registers used:
		wreg, status,2, status,0
 Tracked objects:
		On entry : 
		On exit  : 
		Unchanged: 
 Data sizes:     COMMON   BANK0   BANK1   BANK3   BANK2
      Params:         0       0       0       0       0
      Locals:         0       0       0       0       0
      Temps:          8       0       0       0       0
      Totals:         8       0       0       0       0
Total ram usage:        8 bytes
 Hardware stack levels used:    1
 This function calls:
		Nothing
 This function is called by:
		_si_read_h
		_si_read_t
		_ds_get
 This function uses a non-reentrant model



MODULE INFORMATION

Module		Function		Class		Link	Load	Size
si7021.c
		_si_reset      		CODE           	0DC7	0000	30
		_si_read_h     		CODE           	036F	0000	94
		_si_read_t     		CODE           	025E	0000	90

si7021.c estimated size: 214

C:\Program Files (x86)\Microchip\xc8\v1.43\sources\common\isdigit.c
		_isdigit       		CODE           	0D93	0000	15

C:\Program Files (x86)\Microchip\xc8\v1.43\sources\common\isdigit.c estimated size: 15

i2clib.c
		_i2c_start     		CODE           	0F4E	0000	60
		_i2c_write     		CODE           	0117	0000	78
		_i2c_rstart    		CODE           	0E23	0000	36
		_i2c_stop      		CODE           	0F89	0000	60
		_i2c_read      		CODE           	02B7	0000	93
		_i2c_init      		CODE           	0DA1	0000	16

i2clib.c estimated size: 343

C:\Program Files (x86)\Microchip\xc8\v1.43\sources\common\lwdiv.c
		___lwdiv       		CODE           	0FC4	0000	61

C:\Program Files (x86)\Microchip\xc8\v1.43\sources\common\lwdiv.c estimated size: 61

C:\Program Files (x86)\Microchip\xc8\v1.43\sources\common\doprnt.c
		_printf        		CODE           	05EA	0000	523

C:\Program Files (x86)\Microchip\xc8\v1.43\sources\common\doprnt.c estimated size: 523

24lc512.c
		_mem_write     		CODE           	0313	0000	93
		_mem_read      		CODE           	0206	0000	89

24lc512.c estimated size: 182

shared
		i1_i2c_write   		CODE           	0EB3	0000	52
		__stringtab    		STRING         	0800	0000	7
		_dpowers       		STRING         	0806	0000	11
		i1_i2c_stop    		CODE           	0E69	0000	36
		i1_i2c_start   		CODE           	0E46	0000	36
		i1_mem_write   		CODE           	00CF	0000	73
		__initialization		CODE           	07F4	0000	9
		i1_i2c_read    		CODE           	0047	0000	67
		_hexpowers     		STRING         	0810	0000	9
		i1_mem_read    		CODE           	0089	0000	71

shared estimated size: 371

panda17.c
		_ints_isr      		CODE           	0DE4	0000	31
		_putch         		CODE           	0D82	0000	9
		_give_all      		CODE           	03CC	0000	230
		_main          		CODE           	01B4	0000	83
		_mem_init      		CODE           	0164	0000	81
		_clear_mem     		CODE           	0D8A	0000	10
		_uart_init     		CODE           	0DB0	0000	24
		_tmr2_isr      		CODE           	001C	0000	44
		_init_timer2   		CODE           	0E8C	0000	40
		_uart_isr      		CODE           	0F1A	0000	53
		_to_work       		CODE           	04B1	0000	314

panda17.c estimated size: 919

C:\Program Files (x86)\Microchip\xc8\v1.43\sources\common\Umul16.c
		___wmul        		CODE           	0E02	0000	34

C:\Program Files (x86)\Microchip\xc8\v1.43\sources\common\Umul16.c estimated size: 34

C:\Program Files (x86)\Microchip\xc8\v1.43\sources\common\lwmod.c
		___lwmod       		CODE           	0EE6	0000	53

C:\Program Files (x86)\Microchip\xc8\v1.43\sources\common\lwmod.c estimated size: 53

