Microchip MPLAB XC8 Compiler V1.43 ()

Linker command line:

-W-3 --edf=C:\Program Files (x86)\Microchip\xc8\v1.43\dat\en_msgs.txt -cs \
  -h+dist/default/production\panda17.X.production.sym \
  --cmf=dist/default/production\panda17.X.production.cmf -z -Q16F886 \
  -oC:\Users\Horacio\AppData\Local\Temp\s60s.2 \
  -Mdist/default/production/panda17.X.production.map -E1 -ver=XC8 \
  -ASTACK=0110h-016fh -pstack=STACK -ACODE=00h-07FFhx4 -ASTRCODE=00h-01FFFh \
  -ASTRING=00h-0FFhx32 -ACONST=00h-0FFhx32 -AENTRY=00h-0FFhx32 \
  -ACOMMON=070h-07Fh -ABANK0=020h-06Fh -ABANK1=0A0h-0EFh \
  -ABANK2=0110h-016Fh -ABANK3=0190h-01EFh \
  -ARAM=020h-06Fh,0A0h-0EFh,0110h-016Fh,0190h-01EFh \
  -AABS1=020h-07Fh,0A0h-0EFh,0110h-016Fh,0190h-01EFh -ASFR0=00h-01Fh \
  -ASFR1=080h-09Fh -ASFR2=0100h-010Fh -ASFR3=0180h-018Fh \
  -preset_vec=00h,intentry=04h,init,end_init -ppowerup=CODE -pcinit=CODE \
  -pfunctab=ENTRY -ACONFIG=02007h-02008h -pconfig=CONFIG -DCONFIG=2 \
  -AIDLOC=02000h-02003h -pidloc=IDLOC -DIDLOC=2 -AEEDATA=00h-0FFh/02100h \
  -peeprom_data=EEDATA -DEEDATA=2 -DCODE=2 -DSTRCODE=2 -DSTRING=2 -DCONST=2 \
  -DENTRY=2 -k C:\Users\Horacio\AppData\Local\Temp\s60s.obj \
  dist/default/production\panda17.X.production.obj 

Object code version is 3.11

Machine type is 16F886



                Name                               Link     Load   Length Selector   Space Scale
C:\Users\Horacio\AppData\Local\Temp\s60s.obj
                end_init                             12       12        3        8       0
                reset_vec                             0        0        3        0       0
                config                             2007     2007        2     400E       0
dist/default/production\panda17.X.production.obj
                cinit                                15       15       14        8       0
                intentry                              4        4        E        8       0
                text31                              AC4      AC4       23     1588       0
                text30                              AE7      AE7       23     15CE       0
                text29                              BFB      BFB       33     17F6       0
                text28                              C2E      C2E       33     185C       0
                text27                              C94      C94       3C     1928       0
                text26                              BC9      BC9       32     1792       0
                text25                              AA3      AA3       21     1546       0
                text24                              A60      A60        E     14C0       0
                text23                              A58      A58        8     14B0       0
                text22                              443      443      216        8       0
                text21                              B0A      B0A       23     1614       0
                text20                              EED      EED       5A     1DDA       0
                text19                              B98      B98       31     1730       0
                text18                              CD0      CD0       46     19A0       0
                text17                              D16      D16       48     1A2C       0
                text16                              659      659       BC        8       0
                text15                              FA3      FA3       5D     1F46       0
                text14                              E94      E94       59     1D28       0
                text13                              E44      E44       50     1C88       0
                text12                               29       29      41A        8       0
                text11                              7F0      7F0        F      F16       0
                text10                              B73      B73       25     16E6       0
                text9                               78B      78B       65      F16       0
                text8                               B2D      B2D       23     165A       0
                text7                               B50      B50       23     16A0       0
                text6                               C61      C61       33     18C2       0
                text5                               D5E      D5E       4A     1ABC       0
                text4                               DA8      DA8       4E     1B50       0
                text3                               F47      F47       5C     1E8E       0
                text2                               A86      A86       1D     150C       0
                text1                               A6E      A6E       18     14DC       0
                maintext                            DF6      DF6       4E     1BEC       0
                cstackBANK0                          20       20       34       20       1
                cstackCOMMON                         70       70        E       70       1
                cstackBANK1                          A0       A0       14       A0       1
                dataBANK0                            60       60        1       20       1
                bssBANK0                             54       54        B       20       1
                bitbssBANK0                         2F8       5F        5       20       1     8
                strings                             715      715       76      E2A       0
                idataBANK0                          7FF      7FF        1      F16       0

TOTAL           Name                               Link     Load   Length     Space
        CLASS   STACK          

        CLASS   CODE           
                end_init                             12       12        3         0
                cinit                                15       15       14         0
                intentry                              4        4        E         0
                reset_vec                             0        0        3         0
                text31                              AC4      AC4       23         0
                text30                              AE7      AE7       23         0
                text29                              BFB      BFB       33         0
                text28                              C2E      C2E       33         0
                text27                              C94      C94       3C         0
                text26                              BC9      BC9       32         0
                text25                              AA3      AA3       21         0
                text24                              A60      A60        E         0
                text23                              A58      A58        8         0
                text22                              443      443      216         0
                text21                              B0A      B0A       23         0
                text20                              EED      EED       5A         0
                text19                              B98      B98       31         0
                text18                              CD0      CD0       46         0
                text17                              D16      D16       48         0
                text16                              659      659       BC         0
                text15                              FA3      FA3       5D         0
                text14                              E94      E94       59         0
                text13                              E44      E44       50         0
                text12                               29       29      41A         0
                text11                              7F0      7F0        F         0
                text10                              B73      B73       25         0
                text9                               78B      78B       65         0
                text8                               B2D      B2D       23         0
                text7                               B50      B50       23         0
                text6                               C61      C61       33         0
                text5                               D5E      D5E       4A         0
                text4                               DA8      DA8       4E         0
                text3                               F47      F47       5C         0
                text2                               A86      A86       1D         0
                text1                               A6E      A6E       18         0
                maintext                            DF6      DF6       4E         0
                idataBANK0                          7FF      7FF        1         0

        CLASS   STRCODE        

        CLASS   STRING         
                strings                             715      715       76         0

        CLASS   CONST          

        CLASS   ENTRY          

        CLASS   COMMON         
                cstackCOMMON                         70       70        E         1

        CLASS   BANK0          
                cstackBANK0                          20       20       34         1
                dataBANK0                            60       60        1         1
                bssBANK0                             54       54        B         1
                bitbssBANK0                         2F8       5F        5         1

        CLASS   BANK1          
                cstackBANK1                          A0       A0       14         1

        CLASS   BANK2          

        CLASS   BANK3          

        CLASS   RAM            

        CLASS   ABS1           
                abs_s1                               7E       7E        2         1

        CLASS   SFR0           

        CLASS   SFR1           

        CLASS   SFR2           

        CLASS   SFR3           

        CLASS   CONFIG         
                config                             2007     2007        2         0

        CLASS   IDLOC          

        CLASS   EEDATA         



SEGMENTS        Name                           Load    Length   Top    Selector   Space  Class     Delta

                reset_vec                      000000  000003  000003         0       0  CODE        2
                intentry                       000004  000711  000715         8       0  CODE        2
                cstackBANK0                    000020  000041  000061        20       1  BANK0       1
                cstackCOMMON                   000070  00000E  00007E        70       1  COMMON      1
                cstackBANK1                    0000A0  000014  0000B4        A0       1  BANK1       1
                strings                        000715  000076  00078B       E2A       0  STRING      2
                text9                          00078B  000075  000800       F16       0  CODE        2
                text23                         000A58  000008  000A60      14B0       0  CODE        2
                text24                         000A60  00000E  000A6E      14C0       0  CODE        2
                text1                          000A6E  000018  000A86      14DC       0  CODE        2
                text2                          000A86  00001D  000AA3      150C       0  CODE        2
                text25                         000AA3  000021  000AC4      1546       0  CODE        2
                text31                         000AC4  000023  000AE7      1588       0  CODE        2
                text30                         000AE7  000023  000B0A      15CE       0  CODE        2
                text21                         000B0A  000023  000B2D      1614       0  CODE        2
                text8                          000B2D  000023  000B50      165A       0  CODE        2
                text7                          000B50  000023  000B73      16A0       0  CODE        2
                text10                         000B73  000025  000B98      16E6       0  CODE        2
                text19                         000B98  000031  000BC9      1730       0  CODE        2
                text26                         000BC9  000032  000BFB      1792       0  CODE        2
                text29                         000BFB  000033  000C2E      17F6       0  CODE        2
                text28                         000C2E  000033  000C61      185C       0  CODE        2
                text6                          000C61  000033  000C94      18C2       0  CODE        2
                text27                         000C94  00003C  000CD0      1928       0  CODE        2
                text18                         000CD0  000046  000D16      19A0       0  CODE        2
                text17                         000D16  000048  000D5E      1A2C       0  CODE        2
                text5                          000D5E  00004A  000DA8      1ABC       0  CODE        2
                text4                          000DA8  00004E  000DF6      1B50       0  CODE        2
                maintext                       000DF6  00004E  000E44      1BEC       0  CODE        2
                text13                         000E44  000050  000E94      1C88       0  CODE        2
                text14                         000E94  000059  000EED      1D28       0  CODE        2
                text20                         000EED  00005A  000F47      1DDA       0  CODE        2
                text3                          000F47  00005C  000FA3      1E8E       0  CODE        2
                text15                         000FA3  00005D  001000      1F46       0  CODE        2
                config                         002007  000002  002009      400E       0  CONFIG      2


UNUSED ADDRESS RANGES

        Name                Unused          Largest block    Delta
        BANK0            0061-006F              F           1
        BANK1            00B4-00EF             3C           1
        BANK2            0110-016F             60           1
        BANK3            0190-01EF             60           1
        CODE             0003-0003              1           2
                         0800-0A57            258
                         1000-1FFF            800
        CONST            0003-0003              1           2
                         0800-0A57            100
                         1000-1FFF            100
        EEDATA           2100-21FF            100           2
        ENTRY            0003-0003              1           2
                         0800-0A57            100
                         1000-1FFF            100
        IDLOC            2000-2003              4           2
        RAM              0061-006F              F           1
                         00B4-00EF             3C
                         0110-016F             60
                         0190-01EF             60
        SFR0             0000-001F             20           1
        SFR1             0080-009F             20           1
        SFR2             0100-010F             10           1
        SFR3             0180-018F             10           1
        STACK            0110-016F             60           1
        STRCODE          0003-0003              1           2
                         0800-0A57            258
                         1000-1FFF           1000
        STRING           0003-0003              1           2
                         0800-0A57            100
                         1000-1FFF            100

                                  Symbol Table

?___lwdiv                 cstackCOMMON 0070
?___lwmod                 cstackCOMMON 0078
?___wmul                  cstackCOMMON 0070
?_printf                  cstackBANK0  0024
?_si_read_h               cstackCOMMON 007A
?_si_read_t               cstackCOMMON 007A
_ANSELHbits               (abs)        0189
_BAUDCTLbits              (abs)        0187
_INTCON                   (abs)        000B
_INTCONbits               (abs)        000B
_OSCCON                   (abs)        008F
_PIE1bits                 (abs)        008C
_PIR1bits                 (abs)        000C
_PORTBbits                (abs)        0006
_PR2                      (abs)        0092
_RCREG                    (abs)        001A
_RCSTAbits                (abs)        0018
_SPBRG                    (abs)        0099
_SPBRGH                   (abs)        009A
_SSPADD                   (abs)        0093
_SSPBUF                   (abs)        0013
_SSPCON2bits              (abs)        0091
_SSPCONbits               (abs)        0014
_SSPSTATbits              (abs)        0094
_T2CON                    (abs)        0012
_TRISA                    (abs)        0085
_TRISB                    (abs)        0086
_TRISBbits                (abs)        0086
_TRISCbits                (abs)        0087
_TXREG                    (abs)        0019
_TXSTAbits                (abs)        0098
__CFG_BOR4V$BOR21V        (abs)        0000
__CFG_BOREN$OFF           (abs)        0000
__CFG_CP$OFF              (abs)        0000
__CFG_CPD$OFF             (abs)        0000
__CFG_FCMEN$ON            (abs)        0000
__CFG_FOSC$INTRC_NOCLKOUT (abs)        0000
__CFG_IESO$ON             (abs)        0000
__CFG_LVP$OFF             (abs)        0000
__CFG_MCLRE$ON            (abs)        0000
__CFG_PWRTE$OFF           (abs)        0000
__CFG_WDTE$OFF            (abs)        0000
__CFG_WRT$OFF             (abs)        0000
__Habs1                   abs1         0000
__Hbank0                  bank0        0000
__Hbank1                  bank1        0000
__Hbank2                  bank2        0000
__Hbank3                  bank3        0000
__HbitbssBANK0            bitbssBANK0  0000
__HbssBANK0               bssBANK0     0000
__Hcinit                  cinit        0029
__Hclrtext                clrtext      0000
__Hcode                   code         0000
__Hcommon                 common       0000
__Hconfig                 config       2009
__HcstackBANK0            cstackBANK0  0000
__HcstackBANK1            cstackBANK1  0000
__HcstackCOMMON           cstackCOMMON 0000
__HdataBANK0              dataBANK0    0000
__Heeprom_data            eeprom_data  0000
__Hend_init               end_init     0015
__Hfunctab                functab      0000
__HidataBANK0             idataBANK0   0000
__Hidloc                  idloc        0000
__Hinit                   init         0012
__Hintentry               intentry     0012
__Hmaintext               maintext     0000
__Hpowerup                powerup      0000
__Hram                    ram          0000
__Hreset_vec              reset_vec    0003
__Hsfr0                   sfr0         0000
__Hsfr1                   sfr1         0000
__Hsfr2                   sfr2         0000
__Hsfr3                   sfr3         0000
__Hspace_0                (abs)        2009
__Hspace_1                (abs)        02FD
__Hspace_2                (abs)        0000
__Hspace_3                (abs)        0000
__Hstack                  stack        0000
__Hstrings                strings      0000
__Htext                   text         0000
__Labs1                   abs1         0000
__Lbank0                  bank0        0000
__Lbank1                  bank1        0000
__Lbank2                  bank2        0000
__Lbank3                  bank3        0000
__LbitbssBANK0            bitbssBANK0  0000
__LbssBANK0               bssBANK0     0000
__Lcinit                  cinit        0015
__Lclrtext                clrtext      0000
__Lcode                   code         0000
__Lcommon                 common       0000
__Lconfig                 config       2007
__LcstackBANK0            cstackBANK0  0000
__LcstackBANK1            cstackBANK1  0000
__LcstackCOMMON           cstackCOMMON 0000
__LdataBANK0              dataBANK0    0000
__Leeprom_data            eeprom_data  0000
__Lend_init               end_init     0012
__Lfunctab                functab      0000
__LidataBANK0             idataBANK0   0000
__Lidloc                  idloc        0000
__Linit                   init         0012
__Lintentry               intentry     0004
__Lmaintext               maintext     0000
__Lpowerup                powerup      0000
__Lram                    ram          0000
__Lreset_vec              reset_vec    0000
__Lsfr0                   sfr0         0000
__Lsfr1                   sfr1         0000
__Lsfr2                   sfr2         0000
__Lsfr3                   sfr3         0000
__Lspace_0                (abs)        0000
__Lspace_1                (abs)        0000
__Lspace_2                (abs)        0000
__Lspace_3                (abs)        0000
__Lstack                  stack        0000
__Lstrings                strings      0000
__Ltext                   text         0000
__S0                      (abs)        2009
__S1                      (abs)        00B4
__S2                      (abs)        0000
__S3                      (abs)        0000
___int_sp                 stack        0000
___latbits                (abs)        0002
___lwdiv                  text27       0C94
___lwdiv@counter          cstackCOMMON 0077
___lwdiv@dividend         cstackCOMMON 0072
___lwdiv@divisor          cstackCOMMON 0070
___lwdiv@quotient         cstackCOMMON 0075
___lwmod                  text26       0BC9
___lwmod@counter          cstackCOMMON 007D
___lwmod@dividend         cstackCOMMON 007A
___lwmod@divisor          cstackCOMMON 0078
___sp                     stack        0000
___wmul                   text25       0AA3
___wmul@multiplicand      cstackCOMMON 0072
___wmul@multiplier        cstackCOMMON 0070
___wmul@product           cstackCOMMON 0074
__end_of___lwdiv          text27       0CD0
__end_of___lwmod          text26       0BFB
__end_of___wmul           text25       0AC4
__end_of__initialization  cinit        0025
__end_of__stringtab       strings      071B
__end_of_dpowers          strings      0725
__end_of_ds_get           text19       0BC9
__end_of_ds_set           text28       0C61
__end_of_hexpowers        strings      072D
__end_of_i2c_init         text11       07FF
__end_of_i2c_read         text9        07F0
__end_of_i2c_rstart       text21       0B2D
__end_of_i2c_start        text8        0B50
__end_of_i2c_stop         text7        0B73
__end_of_i2c_write        text6        0C94
__end_of_init_timer2      text10       0B98
__end_of_ints_isr         text12       0443
__end_of_isdigit          text24       0A6E
__end_of_main             maintext     0E44
__end_of_mem_init         text3        0FA3
__end_of_mem_read         text5        0DA8
__end_of_mem_write        text4        0DF6
__end_of_printf           text22       0659
__end_of_putch            text23       0A60
__end_of_save_the_date    text16       0715
__end_of_si_read_h        text15       1000
__end_of_si_read_t        text14       0EED
__end_of_si_reset         text2        0AA3
__end_of_uart_init        text1        0A86
__end_ofi1_i2c_read       text20       0F47
__end_ofi1_i2c_start      text31       0AE7
__end_ofi1_i2c_stop       text30       0B0A
__end_ofi1_i2c_write      text29       0C2E
__end_ofi1_mem_init       text13       0E94
__end_ofi1_mem_read       text18       0D16
__end_ofi1_mem_write      text17       0D5E
__initialization          cinit        0015
__pbitbssBANK0            bitbssBANK0  02F8
__pbssBANK0               bssBANK0     0054
__pcstackBANK0            cstackBANK0  0020
__pcstackBANK1            cstackBANK1  00A0
__pcstackCOMMON           cstackCOMMON 0070
__pdataBANK0              dataBANK0    0060
__pidataBANK0             idataBANK0   07FF
__pintentry               intentry     0004
__pmaintext               maintext     0DF6
__pstrings                strings      0715
__ptext1                  text1        0A6E
__ptext10                 text10       0B73
__ptext11                 text11       07F0
__ptext12                 text12       0029
__ptext13                 text13       0E44
__ptext14                 text14       0E94
__ptext15                 text15       0FA3
__ptext16                 text16       0659
__ptext17                 text17       0D16
__ptext18                 text18       0CD0
__ptext19                 text19       0B98
__ptext2                  text2        0A86
__ptext20                 text20       0EED
__ptext21                 text21       0B0A
__ptext22                 text22       0443
__ptext23                 text23       0A58
__ptext24                 text24       0A60
__ptext25                 text25       0AA3
__ptext26                 text26       0BC9
__ptext27                 text27       0C94
__ptext28                 text28       0C2E
__ptext29                 text29       0BFB
__ptext3                  text3        0F47
__ptext30                 text30       0AE7
__ptext31                 text31       0AC4
__ptext4                  text4        0DA8
__ptext5                  text5        0D5E
__ptext6                  text6        0C61
__ptext7                  text7        0B50
__ptext8                  text8        0B2D
__ptext9                  text9        078B
__size_of___lwdiv         (abs)        0000
__size_of___lwmod         (abs)        0000
__size_of___wmul          (abs)        0000
__size_of_ds_get          (abs)        0000
__size_of_ds_set          (abs)        0000
__size_of_i2c_init        (abs)        0000
__size_of_i2c_read        (abs)        0000
__size_of_i2c_rstart      (abs)        0000
__size_of_i2c_start       (abs)        0000
__size_of_i2c_stop        (abs)        0000
__size_of_i2c_write       (abs)        0000
__size_of_init_timer2     (abs)        0000
__size_of_ints_isr        (abs)        0000
__size_of_isdigit         (abs)        0000
__size_of_main            (abs)        0000
__size_of_mem_init        (abs)        0000
__size_of_mem_read        (abs)        0000
__size_of_mem_write       (abs)        0000
__size_of_printf          (abs)        0000
__size_of_putch           (abs)        0000
__size_of_save_the_date   (abs)        0000
__size_of_si_read_h       (abs)        0000
__size_of_si_read_t       (abs)        0000
__size_of_si_reset        (abs)        0000
__size_of_uart_init       (abs)        0000
__size_ofi1_i2c_read      (abs)        0000
__size_ofi1_i2c_start     (abs)        0000
__size_ofi1_i2c_stop      (abs)        0000
__size_ofi1_i2c_write     (abs)        0000
__size_ofi1_mem_init      (abs)        0000
__size_ofi1_mem_read      (abs)        0000
__size_ofi1_mem_write     (abs)        0000
__stringbase              strings      071A
__stringtab               strings      0715
_condition                bssBANK0     0056
_dpowers                  strings      071B
_ds_get                   text19       0B98
_ds_set                   text28       0C2E
_fyh                      bitbssBANK0  02FC
_hexpowers                strings      0725
_i2c_init                 text11       07F0
_i2c_read                 text9        078B
_i2c_rstart               text21       0B0A
_i2c_start                text8        0B2D
_i2c_stop                 text7        0B50
_i2c_write                text6        0C61
_init_timer2              text10       0B73
_ints_isr                 text12       0029
_isdigit                  text24       0A60
_isdigit$935              cstackCOMMON 0070
_led                      dataBANK0    0060
_main                     maintext     0DF6
_mem_init                 text3        0F47
_mem_read                 text5        0D5E
_mem_write                text4        0DA8
_milis                    bssBANK0     0057
_printf                   text22       0443
_printf$749               cstackBANK0  002A
_putch                    text23       0A58
_save_the_date            text16       0659
_secs                     bssBANK0     0054
_si_read_h                text15       0FA3
_si_read_t                text14       0E94
_si_reset                 text2        0A86
_time                     bssBANK0     0058
_uart_init                text1        0A6E
btemp                     (abs)        007E
ds_get@data               cstackCOMMON 007B
ds_get@resp               cstackCOMMON 007C
ds_set@data               cstackCOMMON 007B
ds_set@j                  cstackCOMMON 007C
end_of_initialization     cinit        0025
i1_i2c_read               text20       0EED
i1_i2c_start              text31       0AC4
i1_i2c_stop               text30       0AE7
i1_i2c_write              text29       0BFB
i1_mem_init               text13       0E44
i1_mem_read               text18       0CD0
i1_mem_write              text17       0D16
i1i2c_read@ack            cstackCOMMON 0079
i1i2c_read@resp           cstackCOMMON 0078
i1i2c_write@ack           cstackCOMMON 0070
i1i2c_write@datum         cstackCOMMON 0079
i1mem_init@aux            cstackBANK0  0024
i1mem_read@add            cstackCOMMON 007A
i1mem_read@add_h          cstackBANK0  0021
i1mem_read@add_l          cstackBANK0  0022
i1mem_read@rta            cstackBANK0  0020
i1mem_write@add           cstackCOMMON 007A
i1mem_write@add_h         cstackBANK0  0020
i1mem_write@add_l         cstackBANK0  0021
i1mem_write@data          cstackCOMMON 007C
i2c_read@ack              cstackBANK1  00A9
i2c_read@flag             bitbssBANK0  02F9
i2c_read@not_flag         bitbssBANK0  02F8
i2c_read@resp             cstackBANK1  00A8
i2c_write@ack             cstackBANK1  00A0
i2c_write@datum           cstackBANK1  00A9
init_timer2@eoc           cstackBANK1  00A1
init_timer2@post          cstackBANK1  00A0
init_timer2@pre           cstackBANK1  00A4
init_timer2@sfr           cstackBANK1  00A5
interrupt_function        intentry     0004
intlevel0                 functab      0000
intlevel1                 functab      0000
intlevel2                 functab      0000
intlevel3                 functab      0000
intlevel4                 functab      0000
intlevel5                 functab      0000
ints_isr@add              cstackBANK0  0043
ints_isr@arg              cstackBANK0  0053
ints_isr@aux              cstackBANK0  004B
ints_isr@aux2             cstackBANK0  0051
ints_isr@dt               cstackBANK0  003C
ints_isr@ferr             bitbssBANK0  02FB
ints_isr@hum_add          cstackBANK0  004F
ints_isr@hum_val          cstackBANK0  003F
ints_isr@k                cstackBANK0  0046
ints_isr@n                cstackBANK0  0049
ints_isr@oerr             bitbssBANK0  02FA
ints_isr@rcv              cstackBANK0  003E
ints_isr@temp_add         cstackBANK0  004D
ints_isr@temp_val         cstackBANK0  0041
ints_isr@up               cstackBANK0  0047
ints_isr@z                cstackBANK0  0045
isdigit@c                 cstackCOMMON 0071
mem_init@aux              cstackBANK1  00B1
mem_read@add              cstackBANK1  00AA
mem_read@add_h            cstackBANK1  00AE
mem_read@add_l            cstackBANK1  00AF
mem_read@rta              cstackBANK1  00AD
mem_write@add             cstackBANK1  00AA
mem_write@add_h           cstackBANK1  00AE
mem_write@add_l           cstackBANK1  00AF
mem_write@data            cstackBANK1  00AC
printf@ap                 cstackBANK0  002B
printf@c                  cstackBANK0  0033
printf@f                  cstackBANK0  0032
printf@flag               cstackBANK0  0031
printf@idx                cstackBANK0  0029
printf@prec               cstackBANK0  002C
printf@val                cstackBANK0  002D
printf@width              cstackBANK0  002F
putch@data                cstackCOMMON 0070
reset_vec                 reset_vec    0000
save_the_date@ax          cstackBANK0  0024
saved_w                   (abs)        007E
si_read_h@rta             cstackBANK0  0022
si_read_h@rta_h           cstackBANK0  0020
si_read_h@rta_l           cstackBANK0  0021
si_read_t@rta             cstackBANK0  0022
si_read_t@rta_h           cstackBANK0  0020
si_read_t@rta_l           cstackBANK0  0021
stackhi                   (abs)        0000
stacklo                   (abs)        0000
start                     init         0012
start_initialization      cinit        0015
wtemp0                    (abs)        007E


FUNCTION INFORMATION:

 *************** function _main *****************
 Defined at:
		line 246 in file "panda17.c"
 Parameters:    Size  Location     Type
		None
 Auto vars:     Size  Location     Type
		None
 Return value:  Size  Location     Type
                  2  132[None  ] int 
 Registers used:
		wreg, status,2, status,0, pclath, cstack
 Tracked objects:
		On entry : 
		On exit  : 
		Unchanged: 
 Data sizes:     COMMON   BANK0   BANK1   BANK3   BANK2
      Params:         0       0       0       0       0
      Locals:         0       0       0       0       0
      Temps:          0       0       2       0       0
      Totals:         0       0       2       0       0
Total ram usage:        2 bytes
 Hardware stack levels required when called:    7
 This function calls:
		_i2c_init
		_init_timer2
		_mem_init
		_si_reset
		_uart_init
 This function is called by:
		Startup code after reset
 This function uses a non-reentrant model


 *************** function _uart_init *****************
 Defined at:
		line 22 in file "panda17.c"
 Parameters:    Size  Location     Type
		None
 Auto vars:     Size  Location     Type
		None
 Return value:  Size  Location     Type
                  1    wreg      void 
 Registers used:
		wreg, status,2
 Tracked objects:
		On entry : 
		On exit  : 
		Unchanged: 
 Data sizes:     COMMON   BANK0   BANK1   BANK3   BANK2
      Params:         0       0       0       0       0
      Locals:         0       0       0       0       0
      Temps:          0       0       0       0       0
      Totals:         0       0       0       0       0
Total ram usage:        0 bytes
 Hardware stack levels used:    1
 Hardware stack levels required when called:    4
 This function calls:
		Nothing
 This function is called by:
		_main
 This function uses a non-reentrant model


 *************** function _si_reset *****************
 Defined at:
		line 13 in file "si7021.c"
 Parameters:    Size  Location     Type
		None
 Auto vars:     Size  Location     Type
		None
 Return value:  Size  Location     Type
                  1    wreg      void 
 Registers used:
		wreg, status,2, status,0, pclath, cstack
 Tracked objects:
		On entry : 
		On exit  : 
		Unchanged: 
 Data sizes:     COMMON   BANK0   BANK1   BANK3   BANK2
      Params:         0       0       0       0       0
      Locals:         0       0       0       0       0
      Temps:          0       0       0       0       0
      Totals:         0       0       0       0       0
Total ram usage:        0 bytes
 Hardware stack levels used:    1
 Hardware stack levels required when called:    5
 This function calls:
		_i2c_start
		_i2c_stop
		_i2c_write
 This function is called by:
		_main
 This function uses a non-reentrant model


 *************** function _mem_init *****************
 Defined at:
		line 42 in file "panda17.c"
 Parameters:    Size  Location     Type
		None
 Auto vars:     Size  Location     Type
  aux             1   17[BANK1 ] unsigned char 
 Return value:  Size  Location     Type
                  1    wreg      void 
 Registers used:
		wreg, status,2, status,0, pclath, cstack
 Tracked objects:
		On entry : 
		On exit  : 
		Unchanged: 
 Data sizes:     COMMON   BANK0   BANK1   BANK3   BANK2
      Params:         0       0       0       0       0
      Locals:         0       0       1       0       0
      Temps:          0       0       1       0       0
      Totals:         0       0       2       0       0
Total ram usage:        2 bytes
 Hardware stack levels used:    1
 Hardware stack levels required when called:    6
 This function calls:
		_mem_read
		_mem_write
 This function is called by:
		_main
 This function uses a non-reentrant model


 *************** function _mem_write *****************
 Defined at:
		line 13 in file "24lc512.c"
 Parameters:    Size  Location     Type
  add             2   10[BANK1 ] unsigned int 
  data            1   12[BANK1 ] unsigned char 
 Auto vars:     Size  Location     Type
  add_l           1   15[BANK1 ] unsigned char 
  add_h           1   14[BANK1 ] unsigned char 
 Return value:  Size  Location     Type
                  1    wreg      void 
 Registers used:
		wreg, status,2, status,0, pclath, cstack
 Tracked objects:
		On entry : 
		On exit  : 
		Unchanged: 
 Data sizes:     COMMON   BANK0   BANK1   BANK3   BANK2
      Params:         0       0       3       0       0
      Locals:         0       0       2       0       0
      Temps:          0       0       1       0       0
      Totals:         0       0       6       0       0
Total ram usage:        6 bytes
 Hardware stack levels used:    1
 Hardware stack levels required when called:    5
 This function calls:
		_i2c_start
		_i2c_stop
		_i2c_write
 This function is called by:
		_mem_init
 This function uses a non-reentrant model


 *************** function _mem_read *****************
 Defined at:
		line 34 in file "24lc512.c"
 Parameters:    Size  Location     Type
  add             2   10[BANK1 ] unsigned int 
 Auto vars:     Size  Location     Type
  add_l           1   15[BANK1 ] unsigned char 
  add_h           1   14[BANK1 ] unsigned char 
  rta             1   13[BANK1 ] unsigned char 
 Return value:  Size  Location     Type
                  1    wreg      unsigned char 
 Registers used:
		wreg, status,2, status,0, pclath, cstack
 Tracked objects:
		On entry : 
		On exit  : 
		Unchanged: 
 Data sizes:     COMMON   BANK0   BANK1   BANK3   BANK2
      Params:         0       0       2       0       0
      Locals:         0       0       3       0       0
      Temps:          0       0       1       0       0
      Totals:         0       0       6       0       0
Total ram usage:        6 bytes
 Hardware stack levels used:    1
 Hardware stack levels required when called:    5
 This function calls:
		_i2c_read
		_i2c_start
		_i2c_stop
		_i2c_write
 This function is called by:
		_mem_init
 This function uses a non-reentrant model


 *************** function _i2c_write *****************
 Defined at:
		line 39 in file "i2clib.c"
 Parameters:    Size  Location     Type
  datum           1    wreg     unsigned char 
  ack             1    0[BANK1 ] unsigned char 
 Auto vars:     Size  Location     Type
  datum           1    9[BANK1 ] unsigned char 
 Return value:  Size  Location     Type
                  1    wreg      void 
 Registers used:
		wreg, status,2, status,0
 Tracked objects:
		On entry : 
		On exit  : 
		Unchanged: 
 Data sizes:     COMMON   BANK0   BANK1   BANK3   BANK2
      Params:         0       0       1       0       0
      Locals:         0       0       1       0       0
      Temps:          0       0       8       0       0
      Totals:         0       0      10       0       0
Total ram usage:       10 bytes
 Hardware stack levels used:    1
 Hardware stack levels required when called:    4
 This function calls:
		Nothing
 This function is called by:
		_mem_write
		_mem_read
		_si_reset
 This function uses a non-reentrant model


 *************** function _i2c_stop *****************
 Defined at:
		line 34 in file "i2clib.c"
 Parameters:    Size  Location     Type
		None
 Auto vars:     Size  Location     Type
		None
 Return value:  Size  Location     Type
                  1    wreg      void 
 Registers used:
		wreg, status,2, status,0
 Tracked objects:
		On entry : 
		On exit  : 
		Unchanged: 
 Data sizes:     COMMON   BANK0   BANK1   BANK3   BANK2
      Params:         0       0       0       0       0
      Locals:         0       0       0       0       0
      Temps:          0       0       8       0       0
      Totals:         0       0       8       0       0
Total ram usage:        8 bytes
 Hardware stack levels used:    1
 Hardware stack levels required when called:    4
 This function calls:
		Nothing
 This function is called by:
		_mem_write
		_mem_read
		_si_reset
 This function uses a non-reentrant model


 *************** function _i2c_start *****************
 Defined at:
		line 24 in file "i2clib.c"
 Parameters:    Size  Location     Type
		None
 Auto vars:     Size  Location     Type
		None
 Return value:  Size  Location     Type
                  1    wreg      void 
 Registers used:
		wreg, status,2, status,0
 Tracked objects:
		On entry : 
		On exit  : 
		Unchanged: 
 Data sizes:     COMMON   BANK0   BANK1   BANK3   BANK2
      Params:         0       0       0       0       0
      Locals:         0       0       0       0       0
      Temps:          0       0       8       0       0
      Totals:         0       0       8       0       0
Total ram usage:        8 bytes
 Hardware stack levels used:    1
 Hardware stack levels required when called:    4
 This function calls:
		Nothing
 This function is called by:
		_mem_write
		_mem_read
		_si_reset
 This function uses a non-reentrant model


 *************** function _i2c_read *****************
 Defined at:
		line 51 in file "i2clib.c"
 Parameters:    Size  Location     Type
  ack             1    wreg     unsigned char 
 Auto vars:     Size  Location     Type
  ack             1    9[BANK1 ] unsigned char 
  resp            1    8[BANK1 ] unsigned char 
 Return value:  Size  Location     Type
                  1    wreg      unsigned char 
 Registers used:
		wreg, status,2, status,0
 Tracked objects:
		On entry : 
		On exit  : 
		Unchanged: 
 Data sizes:     COMMON   BANK0   BANK1   BANK3   BANK2
      Params:         0       0       0       0       0
      Locals:         0       0       2       0       0
      Temps:          0       0       8       0       0
      Totals:         0       0      10       0       0
Total ram usage:       10 bytes
 Hardware stack levels used:    1
 Hardware stack levels required when called:    4
 This function calls:
		Nothing
 This function is called by:
		_mem_read
 This function uses a non-reentrant model


 *************** function _init_timer2 *****************
 Defined at:
		line 234 in file "panda17.c"
 Parameters:    Size  Location     Type
  pre             1    wreg     unsigned char 
  post            1    0[BANK1 ] unsigned char 
  eoc             1    1[BANK1 ] unsigned char 
 Auto vars:     Size  Location     Type
  pre             1    4[BANK1 ] unsigned char 
  sfr             1    5[BANK1 ] unsigned char 
 Return value:  Size  Location     Type
                  1    wreg      void 
 Registers used:
		wreg, status,2, status,0
 Tracked objects:
		On entry : 
		On exit  : 
		Unchanged: 
 Data sizes:     COMMON   BANK0   BANK1   BANK3   BANK2
      Params:         0       0       2       0       0
      Locals:         0       0       2       0       0
      Temps:          0       0       2       0       0
      Totals:         0       0       6       0       0
Total ram usage:        6 bytes
 Hardware stack levels used:    1
 Hardware stack levels required when called:    4
 This function calls:
		Nothing
 This function is called by:
		_main
 This function uses a non-reentrant model


 *************** function _i2c_init *****************
 Defined at:
		line 13 in file "i2clib.c"
 Parameters:    Size  Location     Type
		None
 Auto vars:     Size  Location     Type
		None
 Return value:  Size  Location     Type
                  1    wreg      void 
 Registers used:
		wreg, status,2, status,0
 Tracked objects:
		On entry : 
		On exit  : 
		Unchanged: 
 Data sizes:     COMMON   BANK0   BANK1   BANK3   BANK2
      Params:         0       0       0       0       0
      Locals:         0       0       0       0       0
      Temps:          0       0       0       0       0
      Totals:         0       0       0       0       0
Total ram usage:        0 bytes
 Hardware stack levels used:    1
 Hardware stack levels required when called:    4
 This function calls:
		Nothing
 This function is called by:
		_main
 This function uses a non-reentrant model


 *************** function _ints_isr *****************
 Defined at:
		line 74 in file "panda17.c"
 Parameters:    Size  Location     Type
		None
 Auto vars:     Size  Location     Type
  hum_add         2   47[BANK0 ] unsigned int 
  temp_add        2   45[BANK0 ] unsigned int 
  up              2   39[BANK0 ] unsigned int 
  temp_val        2   33[BANK0 ] unsigned int 
  hum_val         2   31[BANK0 ] unsigned int 
  arg             1   51[BANK0 ] unsigned char 
  k               1   38[BANK0 ] unsigned char 
  z               1   37[BANK0 ] unsigned char 
  aux2            2   49[BANK0 ] unsigned int 
  aux             2   43[BANK0 ] unsigned int 
  n               2   41[BANK0 ] unsigned int 
  add             2   35[BANK0 ] unsigned int 
  dt              2   28[BANK0 ] unsigned int 
  rcv             1   30[BANK0 ] unsigned char 
 Return value:  Size  Location     Type
                  1    wreg      void 
 Registers used:
		wreg, fsr0l, fsr0h, status,2, status,0, btemp+1, pclath, cstack
 Tracked objects:
		On entry : 
		On exit  : 
		Unchanged: 
 Data sizes:     COMMON   BANK0   BANK1   BANK3   BANK2
      Params:         0       0       0       0       0
      Locals:         0      24       0       0       0
      Temps:          0       8       0       0       0
      Totals:         0      32       0       0       0
Total ram usage:       32 bytes
 Hardware stack levels used:    1
 Hardware stack levels required when called:    3
 This function calls:
		_ds_get
		_ds_set
		_printf
		_save_the_date
		_si_read_h
		_si_read_t
		i1_mem_init
		i1_mem_read
		i1_mem_write
 This function is called by:
		Interrupt level 1
 This function uses a non-reentrant model


 *************** function i1_mem_init *****************
 Defined at:
		line 42 in file "panda17.c"
 Parameters:    Size  Location     Type
		None
 Auto vars:     Size  Location     Type
  mem_init        1    4[BANK0 ] unsigned char 
 Return value:  Size  Location     Type
                  1    wreg      void 
 Registers used:
		wreg, status,2, status,0, pclath, cstack
 Tracked objects:
		On entry : 
		On exit  : 
		Unchanged: 
 Data sizes:     COMMON   BANK0   BANK1   BANK3   BANK2
      Params:         0       0       0       0       0
      Locals:         0       1       0       0       0
      Temps:          0       1       0       0       0
      Totals:         0       2       0       0       0
Total ram usage:        2 bytes
 Hardware stack levels used:    1
 Hardware stack levels required when called:    2
 This function calls:
		i1_mem_read
		i1_mem_write
 This function is called by:
		_ints_isr
 This function uses a non-reentrant model


 *************** function _si_read_t *****************
 Defined at:
		line 37 in file "si7021.c"
 Parameters:    Size  Location     Type
		None
 Auto vars:     Size  Location     Type
  rta             2    2[BANK0 ] unsigned int 
  rta_l           1    1[BANK0 ] unsigned char 
  rta_h           1    0[BANK0 ] unsigned char 
 Return value:  Size  Location     Type
                  2   10[COMMON] unsigned int 
 Registers used:
		wreg, status,2, status,0, pclath, cstack
 Tracked objects:
		On entry : 
		On exit  : 
		Unchanged: 
 Data sizes:     COMMON   BANK0   BANK1   BANK3   BANK2
      Params:         2       0       0       0       0
      Locals:         0       4       0       0       0
      Temps:          2       0       0       0       0
      Totals:         4       4       0       0       0
Total ram usage:        8 bytes
 Hardware stack levels used:    1
 Hardware stack levels required when called:    1
 This function calls:
		_i2c_rstart
		i1_i2c_read
		i1_i2c_start
		i1_i2c_stop
		i1_i2c_write
 This function is called by:
		_ints_isr
 This function uses a non-reentrant model


 *************** function _si_read_h *****************
 Defined at:
		line 20 in file "si7021.c"
 Parameters:    Size  Location     Type
		None
 Auto vars:     Size  Location     Type
  rta             2    2[BANK0 ] unsigned int 
  rta_l           1    1[BANK0 ] unsigned char 
  rta_h           1    0[BANK0 ] unsigned char 
 Return value:  Size  Location     Type
                  2   10[COMMON] unsigned int 
 Registers used:
		wreg, status,2, status,0, pclath, cstack
 Tracked objects:
		On entry : 
		On exit  : 
		Unchanged: 
 Data sizes:     COMMON   BANK0   BANK1   BANK3   BANK2
      Params:         2       0       0       0       0
      Locals:         0       4       0       0       0
      Temps:          2       0       0       0       0
      Totals:         4       4       0       0       0
Total ram usage:        8 bytes
 Hardware stack levels used:    1
 Hardware stack levels required when called:    1
 This function calls:
		_i2c_rstart
		i1_i2c_read
		i1_i2c_start
		i1_i2c_stop
		i1_i2c_write
 This function is called by:
		_ints_isr
 This function uses a non-reentrant model


 *************** function _save_the_date *****************
 Defined at:
		line 55 in file "panda17.c"
 Parameters:    Size  Location     Type
		None
 Auto vars:     Size  Location     Type
  ax              1    4[BANK0 ] unsigned char 
 Return value:  Size  Location     Type
                  1    wreg      void 
 Registers used:
		wreg, status,2, status,0, pclath, cstack
 Tracked objects:
		On entry : 
		On exit  : 
		Unchanged: 
 Data sizes:     COMMON   BANK0   BANK1   BANK3   BANK2
      Params:         0       0       0       0       0
      Locals:         0       1       0       0       0
      Temps:          0       1       0       0       0
      Totals:         0       2       0       0       0
Total ram usage:        2 bytes
 Hardware stack levels used:    1
 Hardware stack levels required when called:    2
 This function calls:
		_ds_get
		i1_mem_read
		i1_mem_write
 This function is called by:
		_ints_isr
 This function uses a non-reentrant model


 *************** function i1_mem_write *****************
 Defined at:
		line 13 in file "24lc512.c"
 Parameters:    Size  Location     Type
  add             2   10[COMMON] unsigned int 
  data            1   12[COMMON] unsigned char 
 Auto vars:     Size  Location     Type
  mem_write       1    1[BANK0 ] unsigned char 
  mem_write       1    0[BANK0 ] unsigned char 
 Return value:  Size  Location     Type
                  1    wreg      void 
 Registers used:
		wreg, status,2, status,0, pclath, cstack
 Tracked objects:
		On entry : 
		On exit  : 
		Unchanged: 
 Data sizes:     COMMON   BANK0   BANK1   BANK3   BANK2
      Params:         3       0       0       0       0
      Locals:         0       2       0       0       0
      Temps:          1       0       0       0       0
      Totals:         4       2       0       0       0
Total ram usage:        6 bytes
 Hardware stack levels used:    1
 Hardware stack levels required when called:    1
 This function calls:
		i1_i2c_start
		i1_i2c_stop
		i1_i2c_write
 This function is called by:
		_save_the_date
		_ints_isr
		i1_mem_init
 This function uses a non-reentrant model


 *************** function i1_mem_read *****************
 Defined at:
		line 34 in file "24lc512.c"
 Parameters:    Size  Location     Type
  add             2   10[COMMON] unsigned int 
 Auto vars:     Size  Location     Type
  mem_read        1    2[BANK0 ] unsigned char 
  mem_read        1    1[BANK0 ] unsigned char 
  mem_read        1    0[BANK0 ] unsigned char 
 Return value:  Size  Location     Type
                  1    wreg      unsigned char 
 Registers used:
		wreg, status,2, status,0, pclath, cstack
 Tracked objects:
		On entry : 
		On exit  : 
		Unchanged: 
 Data sizes:     COMMON   BANK0   BANK1   BANK3   BANK2
      Params:         2       0       0       0       0
      Locals:         0       3       0       0       0
      Temps:          1       0       0       0       0
      Totals:         3       3       0       0       0
Total ram usage:        6 bytes
 Hardware stack levels used:    1
 Hardware stack levels required when called:    1
 This function calls:
		i1_i2c_read
		i1_i2c_start
		i1_i2c_stop
		i1_i2c_write
 This function is called by:
		_save_the_date
		_ints_isr
		i1_mem_init
 This function uses a non-reentrant model


 *************** function _ds_get *****************
 Defined at:
		line 25 in file "ds1307.c"
 Parameters:    Size  Location     Type
  data            1    wreg     unsigned char 
 Auto vars:     Size  Location     Type
  data            1   11[COMMON] unsigned char 
  resp            1   12[COMMON] unsigned char 
 Return value:  Size  Location     Type
                  1    wreg      unsigned char 
 Registers used:
		wreg, status,2, status,0, pclath, cstack
 Tracked objects:
		On entry : 
		On exit  : 
		Unchanged: 
 Data sizes:     COMMON   BANK0   BANK1   BANK3   BANK2
      Params:         0       0       0       0       0
      Locals:         2       0       0       0       0
      Temps:          1       0       0       0       0
      Totals:         3       0       0       0       0
Total ram usage:        3 bytes
 Hardware stack levels used:    1
 Hardware stack levels required when called:    1
 This function calls:
		_i2c_rstart
		i1_i2c_read
		i1_i2c_start
		i1_i2c_stop
		i1_i2c_write
 This function is called by:
		_save_the_date
		_ints_isr
 This function uses a non-reentrant model


 *************** function i1_i2c_read *****************
 Defined at:
		line 51 in file "i2clib.c"
 Parameters:    Size  Location     Type
  ack             1    wreg     unsigned char 
 Auto vars:     Size  Location     Type
  ack             1    9[COMMON] unsigned char 
  i2c_read        1    8[COMMON] unsigned char 
 Return value:  Size  Location     Type
                  1    wreg      unsigned char 
 Registers used:
		wreg, status,2, status,0
 Tracked objects:
		On entry : 
		On exit  : 
		Unchanged: 
 Data sizes:     COMMON   BANK0   BANK1   BANK3   BANK2
      Params:         0       0       0       0       0
      Locals:         2       0       0       0       0
      Temps:          8       0       0       0       0
      Totals:        10       0       0       0       0
Total ram usage:       10 bytes
 Hardware stack levels used:    1
 This function calls:
		Nothing
 This function is called by:
		_si_read_h
		_si_read_t
		_ds_get
		i1_mem_read
 This function uses a non-reentrant model


 *************** function _i2c_rstart *****************
 Defined at:
		line 29 in file "i2clib.c"
 Parameters:    Size  Location     Type
		None
 Auto vars:     Size  Location     Type
		None
 Return value:  Size  Location     Type
                  1    wreg      void 
 Registers used:
		wreg, status,2, status,0
 Tracked objects:
		On entry : 
		On exit  : 
		Unchanged: 
 Data sizes:     COMMON   BANK0   BANK1   BANK3   BANK2
      Params:         0       0       0       0       0
      Locals:         0       0       0       0       0
      Temps:          8       0       0       0       0
      Totals:         8       0       0       0       0
Total ram usage:        8 bytes
 Hardware stack levels used:    1
 This function calls:
		Nothing
 This function is called by:
		_si_read_h
		_si_read_t
		_ds_get
 This function uses a non-reentrant model


 *************** function _printf *****************
 Defined at:
		line 464 in file "C:\Program Files (x86)\Microchip\xc8\v1.43\sources\common\doprnt.c"
 Parameters:    Size  Location     Type
  f               1    wreg     PTR const unsigned char 
		 -> STR_18(2), STR_17(5), STR_16(7), STR_15(4), 
		 -> STR_14(3), STR_13(2), STR_12(3), STR_11(5), 
		 -> STR_10(5), STR_9(6), STR_8(6), STR_7(6), 
		 -> STR_6(6), STR_5(6), STR_4(2), STR_3(5), 
		 -> STR_2(5), STR_1(8), 
 Auto vars:     Size  Location     Type
  f               1   18[BANK0 ] PTR const unsigned char 
		 -> STR_18(2), STR_17(5), STR_16(7), STR_15(4), 
		 -> STR_14(3), STR_13(2), STR_12(3), STR_11(5), 
		 -> STR_10(5), STR_9(6), STR_8(6), STR_7(6), 
		 -> STR_6(6), STR_5(6), STR_4(2), STR_3(5), 
		 -> STR_2(5), STR_1(8), 
  idx             1    9[BANK0 ] unsigned char 
  tmpval          4    0        struct .
  width           2   15[BANK0 ] int 
  val             2   13[BANK0 ] unsigned int 
  cp              2    0        PTR const unsigned char 
  len             2    0        unsigned int 
  c               1   19[BANK0 ] char 
  flag            1   17[BANK0 ] unsigned char 
  prec            1   12[BANK0 ] char 
  ap              1   11[BANK0 ] PTR void [1]
		 -> ?_printf(2), 
 Return value:  Size  Location     Type
                  2    4[BANK0 ] int 
 Registers used:
		wreg, fsr0l, fsr0h, status,2, status,0, btemp+1, pclath, cstack
 Tracked objects:
		On entry : 
		On exit  : 
		Unchanged: 
 Data sizes:     COMMON   BANK0   BANK1   BANK3   BANK2
      Params:         0       2       0       0       0
      Locals:         0      11       0       0       0
      Temps:          0       3       0       0       0
      Totals:         0      16       0       0       0
Total ram usage:       16 bytes
 Hardware stack levels used:    1
 Hardware stack levels required when called:    1
 This function calls:
		___lwdiv
		___lwmod
		___wmul
		_isdigit
		_putch
 This function is called by:
		_ints_isr
 This function uses a non-reentrant model


 *************** function _putch *****************
 Defined at:
		line 36 in file "panda17.c"
 Parameters:    Size  Location     Type
  data            1    wreg     unsigned char 
 Auto vars:     Size  Location     Type
  data            1    0[COMMON] unsigned char 
 Return value:  Size  Location     Type
                  1    wreg      void 
 Registers used:
		wreg
 Tracked objects:
		On entry : 
		On exit  : 
		Unchanged: 
 Data sizes:     COMMON   BANK0   BANK1   BANK3   BANK2
      Params:         0       0       0       0       0
      Locals:         1       0       0       0       0
      Temps:          0       0       0       0       0
      Totals:         1       0       0       0       0
Total ram usage:        1 bytes
 Hardware stack levels used:    1
 This function calls:
		Nothing
 This function is called by:
		_printf
 This function uses a non-reentrant model


 *************** function _isdigit *****************
 Defined at:
		line 8 in file "C:\Program Files (x86)\Microchip\xc8\v1.43\sources\common\isdigit.c"
 Parameters:    Size  Location     Type
  c               1    wreg     unsigned char 
 Auto vars:     Size  Location     Type
  c               1    1[COMMON] unsigned char 
 Return value:  Size  Location     Type
		None               void
 Registers used:
		wreg, status,2, status,0
 Tracked objects:
		On entry : 
		On exit  : 
		Unchanged: 
 Data sizes:     COMMON   BANK0   BANK1   BANK3   BANK2
      Params:         0       0       0       0       0
      Locals:         2       0       0       0       0
      Temps:          0       0       0       0       0
      Totals:         2       0       0       0       0
Total ram usage:        2 bytes
 Hardware stack levels used:    1
 This function calls:
		Nothing
 This function is called by:
		_printf
 This function uses a non-reentrant model


 *************** function ___wmul *****************
 Defined at:
		line 15 in file "C:\Program Files (x86)\Microchip\xc8\v1.43\sources\common\Umul16.c"
 Parameters:    Size  Location     Type
  multiplier      2    0[COMMON] unsigned int 
  multiplicand    2    2[COMMON] unsigned int 
 Auto vars:     Size  Location     Type
  product         2    4[COMMON] unsigned int 
 Return value:  Size  Location     Type
                  2    0[COMMON] unsigned int 
 Registers used:
		wreg, status,2, status,0
 Tracked objects:
		On entry : 
		On exit  : 
		Unchanged: 
 Data sizes:     COMMON   BANK0   BANK1   BANK3   BANK2
      Params:         4       0       0       0       0
      Locals:         2       0       0       0       0
      Temps:          0       0       0       0       0
      Totals:         6       0       0       0       0
Total ram usage:        6 bytes
 Hardware stack levels used:    1
 This function calls:
		Nothing
 This function is called by:
		_printf
 This function uses a non-reentrant model


 *************** function ___lwmod *****************
 Defined at:
		line 6 in file "C:\Program Files (x86)\Microchip\xc8\v1.43\sources\common\lwmod.c"
 Parameters:    Size  Location     Type
  divisor         2    8[COMMON] unsigned int 
  dividend        2   10[COMMON] unsigned int 
 Auto vars:     Size  Location     Type
  counter         1   13[COMMON] unsigned char 
 Return value:  Size  Location     Type
                  2    8[COMMON] unsigned int 
 Registers used:
		wreg, status,2, status,0
 Tracked objects:
		On entry : 
		On exit  : 
		Unchanged: 
 Data sizes:     COMMON   BANK0   BANK1   BANK3   BANK2
      Params:         4       0       0       0       0
      Locals:         1       0       0       0       0
      Temps:          1       0       0       0       0
      Totals:         6       0       0       0       0
Total ram usage:        6 bytes
 Hardware stack levels used:    1
 This function calls:
		Nothing
 This function is called by:
		_printf
 This function uses a non-reentrant model


 *************** function ___lwdiv *****************
 Defined at:
		line 6 in file "C:\Program Files (x86)\Microchip\xc8\v1.43\sources\common\lwdiv.c"
 Parameters:    Size  Location     Type
  divisor         2    0[COMMON] unsigned int 
  dividend        2    2[COMMON] unsigned int 
 Auto vars:     Size  Location     Type
  quotient        2    5[COMMON] unsigned int 
  counter         1    7[COMMON] unsigned char 
 Return value:  Size  Location     Type
                  2    0[COMMON] unsigned int 
 Registers used:
		wreg, status,2, status,0
 Tracked objects:
		On entry : 
		On exit  : 
		Unchanged: 
 Data sizes:     COMMON   BANK0   BANK1   BANK3   BANK2
      Params:         4       0       0       0       0
      Locals:         3       0       0       0       0
      Temps:          1       0       0       0       0
      Totals:         8       0       0       0       0
Total ram usage:        8 bytes
 Hardware stack levels used:    1
 This function calls:
		Nothing
 This function is called by:
		_printf
 This function uses a non-reentrant model


 *************** function _ds_set *****************
 Defined at:
		line 13 in file "ds1307.c"
 Parameters:    Size  Location     Type
  data            1    wreg     PTR unsigned char 
		 -> time(7), 
 Auto vars:     Size  Location     Type
  data            1   11[COMMON] PTR unsigned char 
		 -> time(7), 
  j               1   12[COMMON] unsigned char 
 Return value:  Size  Location     Type
                  1    wreg      void 
 Registers used:
		wreg, fsr0l, fsr0h, status,2, status,0, pclath, cstack
 Tracked objects:
		On entry : 
		On exit  : 
		Unchanged: 
 Data sizes:     COMMON   BANK0   BANK1   BANK3   BANK2
      Params:         0       0       0       0       0
      Locals:         2       0       0       0       0
      Temps:          1       0       0       0       0
      Totals:         3       0       0       0       0
Total ram usage:        3 bytes
 Hardware stack levels used:    1
 Hardware stack levels required when called:    1
 This function calls:
		i1_i2c_start
		i1_i2c_stop
		i1_i2c_write
 This function is called by:
		_ints_isr
 This function uses a non-reentrant model


 *************** function i1_i2c_write *****************
 Defined at:
		line 39 in file "i2clib.c"
 Parameters:    Size  Location     Type
  datum           1    wreg     unsigned char 
  ack             1    0[COMMON] unsigned char 
 Auto vars:     Size  Location     Type
  datum           1    9[COMMON] unsigned char 
 Return value:  Size  Location     Type
                  1    wreg      void 
 Registers used:
		wreg, status,2, status,0
 Tracked objects:
		On entry : 
		On exit  : 
		Unchanged: 
 Data sizes:     COMMON   BANK0   BANK1   BANK3   BANK2
      Params:         1       0       0       0       0
      Locals:         1       0       0       0       0
      Temps:          8       0       0       0       0
      Totals:        10       0       0       0       0
Total ram usage:       10 bytes
 Hardware stack levels used:    1
 This function calls:
		Nothing
 This function is called by:
		_si_read_h
		_si_read_t
		_ds_set
		_ds_get
		i1_mem_write
		i1_mem_read
 This function uses a non-reentrant model


 *************** function i1_i2c_stop *****************
 Defined at:
		line 34 in file "i2clib.c"
 Parameters:    Size  Location     Type
		None
 Auto vars:     Size  Location     Type
		None
 Return value:  Size  Location     Type
                  1    wreg      void 
 Registers used:
		wreg, status,2, status,0
 Tracked objects:
		On entry : 
		On exit  : 
		Unchanged: 
 Data sizes:     COMMON   BANK0   BANK1   BANK3   BANK2
      Params:         0       0       0       0       0
      Locals:         0       0       0       0       0
      Temps:          8       0       0       0       0
      Totals:         8       0       0       0       0
Total ram usage:        8 bytes
 Hardware stack levels used:    1
 This function calls:
		Nothing
 This function is called by:
		_si_read_h
		_si_read_t
		_ds_set
		_ds_get
		i1_mem_write
		i1_mem_read
 This function uses a non-reentrant model


 *************** function i1_i2c_start *****************
 Defined at:
		line 24 in file "i2clib.c"
 Parameters:    Size  Location     Type
		None
 Auto vars:     Size  Location     Type
		None
 Return value:  Size  Location     Type
                  1    wreg      void 
 Registers used:
		wreg, status,2, status,0
 Tracked objects:
		On entry : 
		On exit  : 
		Unchanged: 
 Data sizes:     COMMON   BANK0   BANK1   BANK3   BANK2
      Params:         0       0       0       0       0
      Locals:         0       0       0       0       0
      Temps:          8       0       0       0       0
      Totals:         8       0       0       0       0
Total ram usage:        8 bytes
 Hardware stack levels used:    1
 This function calls:
		Nothing
 This function is called by:
		_si_read_h
		_si_read_t
		_ds_set
		_ds_get
		i1_mem_write
		i1_mem_read
 This function uses a non-reentrant model



MODULE INFORMATION

Module		Function		Class		Link	Load	Size
si7021.c
		_si_reset      		CODE           	0A86	0000	30
		_si_read_h     		CODE           	0FA3	0000	94
		_si_read_t     		CODE           	0E94	0000	90

si7021.c estimated size: 214

C:\Program Files (x86)\Microchip\xc8\v1.43\sources\common\isdigit.c
		_isdigit       		CODE           	0A60	0000	15

C:\Program Files (x86)\Microchip\xc8\v1.43\sources\common\isdigit.c estimated size: 15

i2clib.c
		_i2c_start     		CODE           	0B2D	0000	36
		_i2c_write     		CODE           	0C61	0000	52
		_i2c_rstart    		CODE           	0B0A	0000	36
		_i2c_stop      		CODE           	0B50	0000	36
		_i2c_read      		CODE           	078B	0000	102
		_i2c_init      		CODE           	07F0	0000	16

i2clib.c estimated size: 278

C:\Program Files (x86)\Microchip\xc8\v1.43\sources\common\lwdiv.c
		___lwdiv       		CODE           	0C94	0000	61

C:\Program Files (x86)\Microchip\xc8\v1.43\sources\common\lwdiv.c estimated size: 61

ds1307.c
		_ds_get        		CODE           	0B98	0000	50
		_ds_set        		CODE           	0C2E	0000	52

ds1307.c estimated size: 102

C:\Program Files (x86)\Microchip\xc8\v1.43\sources\common\doprnt.c
		_printf        		CODE           	0443	0000	535

C:\Program Files (x86)\Microchip\xc8\v1.43\sources\common\doprnt.c estimated size: 535

24lc512.c
		_mem_write     		CODE           	0DA8	0000	79
		_mem_read      		CODE           	0D5E	0000	75

24lc512.c estimated size: 154

shared
		i1_i2c_write   		CODE           	0BFB	0000	52
		__stringtab    		STRING         	0715	0000	7
		_dpowers       		STRING         	071B	0000	11
		i1_i2c_stop    		CODE           	0AE7	0000	36
		i1_i2c_start   		CODE           	0AC4	0000	36
		i1_mem_write   		CODE           	0D16	0000	73
		__initialization		CODE           	0015	0000	17
		i1_i2c_read    		CODE           	0EED	0000	91
		_hexpowers     		STRING         	0725	0000	9
		i1_mem_init    		CODE           	0E44	0000	81
		i1_mem_read    		CODE           	0CD0	0000	71

shared estimated size: 484

panda17.c
		_ints_isr      		CODE           	0029	0000	1051
		_save_the_date 		CODE           	0659	0000	189
		_putch         		CODE           	0A58	0000	9
		_main          		CODE           	0DF6	0000	79
		_mem_init      		CODE           	0F47	0000	93
		_uart_init     		CODE           	0A6E	0000	25
		_init_timer2   		CODE           	0B73	0000	38

panda17.c estimated size: 1484

C:\Program Files (x86)\Microchip\xc8\v1.43\sources\common\Umul16.c
		___wmul        		CODE           	0AA3	0000	34

C:\Program Files (x86)\Microchip\xc8\v1.43\sources\common\Umul16.c estimated size: 34

C:\Program Files (x86)\Microchip\xc8\v1.43\sources\common\lwmod.c
		___lwmod       		CODE           	0BC9	0000	51

C:\Program Files (x86)\Microchip\xc8\v1.43\sources\common\lwmod.c estimated size: 51

